flash_ext.c:103:9:FlashInit	8	static
flash_ext.c:110:6:FlashTask	24	static
flash_ext.c:127:16:Flash_cmd_callback_failure	8	static
flash_ext.c:138:16:Flash_cmd_read_status_callback_success	8	static
flash_ext.c:145:16:Flash_cmd_check_write_enable_callback_success	8	static
flash_ext.c:152:16:Flash_cmd_check_Erase_enable_callback_success	8	static
flash_ext.c:159:16:Flash_cmd_check_write_END_callback_success	16	static
flash_ext.c:175:16:Flash_cmd_check_Erase_END_callback_success	8	static
flash_ext.c:182:16:Flash_cmd_erase_sector_callback_success	8	static
flash_ext.c:196:16:Flash_cmd_write_data_callback_success	16	static
flash_ext.c:219:16:Flash_cmd_read_data_callback_success	24	static
flash_ext.c:248:16:Flash_cmd_active_cs_callback_success	8	static
flash_ext.c:255:16:Flash_cmd_Deactive_cs_callback_success	8	static
flash_ext.c:262:16:Flash_cmd_Enable_callback_success	8	static
flash_ext.c:269:16:fEvent_Flash_Send_BYTE_handler	24	static
flash_ext.c:304:16:fEvent_Flash_Write_buff_handler	24	static
flash_ext.c:321:16:fEvent_Flash_Read_buff_handler	24	static
flash_ext.c:339:16:fEvent_Flash_Init_handler	16	static
flash_ext.c:347:9:Flash_WriteMessage	16	static
flash_ext.c:357:9:Flash_ReadMessage	16	static
flash_ext.c:365:16:Flash_PushStepToQueue	16	static
flash_ext.c:379:16:Flash_PushBlockToQueue	24	static
flash_ext.c:392:16:Flash_GetStepFromQueue	24	static
flash_ext.c:403:9:Flash_GetMessageFromQueueToRead	24	static
flash_ext.c:415:9:Flash_PushMessageToQueueToRead	16	static
flash_ext.c:423:9:Flash_event_disable	16	static
flash_ext.c:432:9:Flash_event_enable	16	static
flash_ext.c:441:9:Flash_event_active	16	static
