Archive member included to satisfy reference by file (symbol)

c:/st/stm32cubeide_1.4.0/stm32cubeide/plugins/com.st.stm32cube.ide.mcu.externaltools.gnu-tools-for-stm32.9-2020-q2-update.win32_2.0.0.202105311346/tools/bin/../lib/gcc/arm-none-eabi/9.3.1/../../../../arm-none-eabi/lib/thumb/v7e-m+fp/hard\libc_nano.a(lib_a-errno.o)
                              ./Core/Src/syscalls.o (__errno)
c:/st/stm32cubeide_1.4.0/stm32cubeide/plugins/com.st.stm32cube.ide.mcu.externaltools.gnu-tools-for-stm32.9-2020-q2-update.win32_2.0.0.202105311346/tools/bin/../lib/gcc/arm-none-eabi/9.3.1/../../../../arm-none-eabi/lib/thumb/v7e-m+fp/hard\libc_nano.a(lib_a-exit.o)
                              c:/st/stm32cubeide_1.4.0/stm32cubeide/plugins/com.st.stm32cube.ide.mcu.externaltools.gnu-tools-for-stm32.9-2020-q2-update.win32_2.0.0.202105311346/tools/bin/../lib/gcc/arm-none-eabi/9.3.1/../../../../arm-none-eabi/lib/thumb/v7e-m+fp/hard/crt0.o (exit)
c:/st/stm32cubeide_1.4.0/stm32cubeide/plugins/com.st.stm32cube.ide.mcu.externaltools.gnu-tools-for-stm32.9-2020-q2-update.win32_2.0.0.202105311346/tools/bin/../lib/gcc/arm-none-eabi/9.3.1/../../../../arm-none-eabi/lib/thumb/v7e-m+fp/hard\libc_nano.a(lib_a-impure.o)
                              c:/st/stm32cubeide_1.4.0/stm32cubeide/plugins/com.st.stm32cube.ide.mcu.externaltools.gnu-tools-for-stm32.9-2020-q2-update.win32_2.0.0.202105311346/tools/bin/../lib/gcc/arm-none-eabi/9.3.1/../../../../arm-none-eabi/lib/thumb/v7e-m+fp/hard\libc_nano.a(lib_a-exit.o) (_global_impure_ptr)
c:/st/stm32cubeide_1.4.0/stm32cubeide/plugins/com.st.stm32cube.ide.mcu.externaltools.gnu-tools-for-stm32.9-2020-q2-update.win32_2.0.0.202105311346/tools/bin/../lib/gcc/arm-none-eabi/9.3.1/../../../../arm-none-eabi/lib/thumb/v7e-m+fp/hard\libc_nano.a(lib_a-init.o)
                              c:/st/stm32cubeide_1.4.0/stm32cubeide/plugins/com.st.stm32cube.ide.mcu.externaltools.gnu-tools-for-stm32.9-2020-q2-update.win32_2.0.0.202105311346/tools/bin/../lib/gcc/arm-none-eabi/9.3.1/../../../../arm-none-eabi/lib/thumb/v7e-m+fp/hard/crt0.o (__libc_init_array)
c:/st/stm32cubeide_1.4.0/stm32cubeide/plugins/com.st.stm32cube.ide.mcu.externaltools.gnu-tools-for-stm32.9-2020-q2-update.win32_2.0.0.202105311346/tools/bin/../lib/gcc/arm-none-eabi/9.3.1/../../../../arm-none-eabi/lib/thumb/v7e-m+fp/hard\libc_nano.a(lib_a-memcpy-stub.o)
                              ./sim_module/sim_command.o (memcpy)
c:/st/stm32cubeide_1.4.0/stm32cubeide/plugins/com.st.stm32cube.ide.mcu.externaltools.gnu-tools-for-stm32.9-2020-q2-update.win32_2.0.0.202105311346/tools/bin/../lib/gcc/arm-none-eabi/9.3.1/../../../../arm-none-eabi/lib/thumb/v7e-m+fp/hard\libc_nano.a(lib_a-memset.o)
                              c:/st/stm32cubeide_1.4.0/stm32cubeide/plugins/com.st.stm32cube.ide.mcu.externaltools.gnu-tools-for-stm32.9-2020-q2-update.win32_2.0.0.202105311346/tools/bin/../lib/gcc/arm-none-eabi/9.3.1/../../../../arm-none-eabi/lib/thumb/v7e-m+fp/hard/crt0.o (memset)
c:/st/stm32cubeide_1.4.0/stm32cubeide/plugins/com.st.stm32cube.ide.mcu.externaltools.gnu-tools-for-stm32.9-2020-q2-update.win32_2.0.0.202105311346/tools/bin/../lib/gcc/arm-none-eabi/9.3.1/../../../../arm-none-eabi/lib/thumb/v7e-m+fp/hard\libc_nano.a(lib_a-strlen.o)
                              ./sim_module/sim_command.o (strlen)
c:/st/stm32cubeide_1.4.0/stm32cubeide/plugins/com.st.stm32cube.ide.mcu.externaltools.gnu-tools-for-stm32.9-2020-q2-update.win32_2.0.0.202105311346/tools/bin/../lib/gcc/arm-none-eabi/9.3.1/../../../../arm-none-eabi/lib/thumb/v7e-m+fp/hard\libc_nano.a(lib_a-strstr.o)
                              ./sim_module/sim_command.o (strstr)
c:/st/stm32cubeide_1.4.0/stm32cubeide/plugins/com.st.stm32cube.ide.mcu.externaltools.gnu-tools-for-stm32.9-2020-q2-update.win32_2.0.0.202105311346/tools/bin/../lib/gcc/arm-none-eabi/9.3.1/thumb/v7e-m+fp/hard\libgcc.a(_aeabi_uldivmod.o)
                              ./Drivers/STM32L4xx_HAL_Driver/Src/stm32l4xx_hal_uart.o (__aeabi_uldivmod)
c:/st/stm32cubeide_1.4.0/stm32cubeide/plugins/com.st.stm32cube.ide.mcu.externaltools.gnu-tools-for-stm32.9-2020-q2-update.win32_2.0.0.202105311346/tools/bin/../lib/gcc/arm-none-eabi/9.3.1/thumb/v7e-m+fp/hard\libgcc.a(_udivmoddi4.o)
                              c:/st/stm32cubeide_1.4.0/stm32cubeide/plugins/com.st.stm32cube.ide.mcu.externaltools.gnu-tools-for-stm32.9-2020-q2-update.win32_2.0.0.202105311346/tools/bin/../lib/gcc/arm-none-eabi/9.3.1/thumb/v7e-m+fp/hard\libgcc.a(_aeabi_uldivmod.o) (__udivmoddi4)
c:/st/stm32cubeide_1.4.0/stm32cubeide/plugins/com.st.stm32cube.ide.mcu.externaltools.gnu-tools-for-stm32.9-2020-q2-update.win32_2.0.0.202105311346/tools/bin/../lib/gcc/arm-none-eabi/9.3.1/thumb/v7e-m+fp/hard\libgcc.a(_dvmd_tls.o)
                              c:/st/stm32cubeide_1.4.0/stm32cubeide/plugins/com.st.stm32cube.ide.mcu.externaltools.gnu-tools-for-stm32.9-2020-q2-update.win32_2.0.0.202105311346/tools/bin/../lib/gcc/arm-none-eabi/9.3.1/thumb/v7e-m+fp/hard\libgcc.a(_aeabi_uldivmod.o) (__aeabi_ldiv0)

[...]
Memory Configuration

Name             Origin             Length             Attributes
RAM              0x0000000020000000 0x0000000000020000 xrw
RAM2             0x0000000010000000 0x0000000000008000 xrw
FLASH            0x0000000008000000 0x0000000000040000 xr
*default*        0x0000000000000000 0xffffffffffffffff

Linker script and memory map

LOAD c:/st/stm32cubeide_1.4.0/stm32cubeide/plugins/com.st.stm32cube.ide.mcu.externaltools.gnu-tools-for-stm32.9-2020-q2-update.win32_2.0.0.202105311346/tools/bin/../lib/gcc/arm-none-eabi/9.3.1/thumb/v7e-m+fp/hard/crti.o
LOAD c:/st/stm32cubeide_1.4.0/stm32cubeide/plugins/com.st.stm32cube.ide.mcu.externaltools.gnu-tools-for-stm32.9-2020-q2-update.win32_2.0.0.202105311346/tools/bin/../lib/gcc/arm-none-eabi/9.3.1/thumb/v7e-m+fp/hard/crtbegin.o
LOAD c:/st/stm32cubeide_1.4.0/stm32cubeide/plugins/com.st.stm32cube.ide.mcu.externaltools.gnu-tools-for-stm32.9-2020-q2-update.win32_2.0.0.202105311346/tools/bin/../lib/gcc/arm-none-eabi/9.3.1/../../../../arm-none-eabi/lib/thumb/v7e-m+fp/hard/crt0.o
LOAD ./App/main_app.o
LOAD ./Core/Src/adc.o
LOAD ./Core/Src/gpio.o
LOAD ./Core/Src/iwdg.o
LOAD ./Core/Src/main.o
LOAD ./Core/Src/rtc.o
LOAD ./Core/Src/spi.o
LOAD ./Core/Src/stm32l4xx_hal_msp.o
LOAD ./Core/Src/stm32l4xx_hal_timebase_tim.o
LOAD ./Core/Src/stm32l4xx_it.o
LOAD ./Core/Src/syscalls.o
LOAD ./Core/Src/sysmem.o
LOAD ./Core/Src/system_stm32l4xx.o
LOAD ./Core/Src/usart.o
LOAD ./Core/Startup/startup_stm32l452rctx.o
LOAD ./Drivers/STM32L4xx_HAL_Driver/Src/stm32l4xx_hal.o
LOAD ./Drivers/STM32L4xx_HAL_Driver/Src/stm32l4xx_hal_adc.o
LOAD ./Drivers/STM32L4xx_HAL_Driver/Src/stm32l4xx_hal_adc_ex.o
LOAD ./Drivers/STM32L4xx_HAL_Driver/Src/stm32l4xx_hal_cortex.o
LOAD ./Drivers/STM32L4xx_HAL_Driver/Src/stm32l4xx_hal_dma.o
LOAD ./Drivers/STM32L4xx_HAL_Driver/Src/stm32l4xx_hal_dma_ex.o
LOAD ./Drivers/STM32L4xx_HAL_Driver/Src/stm32l4xx_hal_exti.o
LOAD ./Drivers/STM32L4xx_HAL_Driver/Src/stm32l4xx_hal_flash.o
LOAD ./Drivers/STM32L4xx_HAL_Driver/Src/stm32l4xx_hal_flash_ex.o
LOAD ./Drivers/STM32L4xx_HAL_Driver/Src/stm32l4xx_hal_flash_ramfunc.o
LOAD ./Drivers/STM32L4xx_HAL_Driver/Src/stm32l4xx_hal_gpio.o
LOAD ./Drivers/STM32L4xx_HAL_Driver/Src/stm32l4xx_hal_i2c.o
LOAD ./Drivers/STM32L4xx_HAL_Driver/Src/stm32l4xx_hal_i2c_ex.o
LOAD ./Drivers/STM32L4xx_HAL_Driver/Src/stm32l4xx_hal_iwdg.o
LOAD ./Drivers/STM32L4xx_HAL_Driver/Src/stm32l4xx_hal_pwr.o
LOAD ./Drivers/STM32L4xx_HAL_Driver/Src/stm32l4xx_hal_pwr_ex.o
LOAD ./Drivers/STM32L4xx_HAL_Driver/Src/stm32l4xx_hal_rcc.o
LOAD ./Drivers/STM32L4xx_HAL_Driver/Src/stm32l4xx_hal_rcc_ex.o
LOAD ./Drivers/STM32L4xx_HAL_Driver/Src/stm32l4xx_hal_rtc.o
LOAD ./Drivers/STM32L4xx_HAL_Driver/Src/stm32l4xx_hal_rtc_ex.o
LOAD ./Drivers/STM32L4xx_HAL_Driver/Src/stm32l4xx_hal_spi.o
LOAD ./Drivers/STM32L4xx_HAL_Driver/Src/stm32l4xx_hal_spi_ex.o
LOAD ./Drivers/STM32L4xx_HAL_Driver/Src/stm32l4xx_hal_tim.o
LOAD ./Drivers/STM32L4xx_HAL_Driver/Src/stm32l4xx_hal_tim_ex.o
LOAD ./Drivers/STM32L4xx_HAL_Driver/Src/stm32l4xx_hal_uart.o
LOAD ./Drivers/STM32L4xx_HAL_Driver/Src/stm32l4xx_hal_uart_ex.o
LOAD ./EventDriven/event_driven.o
LOAD ./meter/elster.o
LOAD ./queue/queue_p.o
LOAD ./sim_module/sim_command.o
START GROUP
LOAD c:/st/stm32cubeide_1.4.0/stm32cubeide/plugins/com.st.stm32cube.ide.mcu.externaltools.gnu-tools-for-stm32.9-2020-q2-update.win32_2.0.0.202105311346/tools/bin/../lib/gcc/arm-none-eabi/9.3.1/../../../../arm-none-eabi/lib/thumb/v7e-m+fp/hard\libc_nano.a
LOAD c:/st/stm32cubeide_1.4.0/stm32cubeide/plugins/com.st.stm32cube.ide.mcu.externaltools.gnu-tools-for-stm32.9-2020-q2-update.win32_2.0.0.202105311346/tools/bin/../lib/gcc/arm-none-eabi/9.3.1/../../../../arm-none-eabi/lib/thumb/v7e-m+fp/hard\libm.a
END GROUP
START GROUP
LOAD c:/st/stm32cubeide_1.4.0/stm32cubeide/plugins/com.st.stm32cube.ide.mcu.externaltools.gnu-tools-for-stm32.9-2020-q2-update.win32_2.0.0.202105311346/tools/bin/../lib/gcc/arm-none-eabi/9.3.1/thumb/v7e-m+fp/hard\libgcc.a
LOAD c:/st/stm32cubeide_1.4.0/stm32cubeide/plugins/com.st.stm32cube.ide.mcu.externaltools.gnu-tools-for-stm32.9-2020-q2-update.win32_2.0.0.202105311346/tools/bin/../lib/gcc/arm-none-eabi/9.3.1/../../../../arm-none-eabi/lib/thumb/v7e-m+fp/hard\libc_nano.a
END GROUP
START GROUP
LOAD c:/st/stm32cubeide_1.4.0/stm32cubeide/plugins/com.st.stm32cube.ide.mcu.externaltools.gnu-tools-for-stm32.9-2020-q2-update.win32_2.0.0.202105311346/tools/bin/../lib/gcc/arm-none-eabi/9.3.1/thumb/v7e-m+fp/hard\libgcc.a
LOAD c:/st/stm32cubeide_1.4.0/stm32cubeide/plugins/com.st.stm32cube.ide.mcu.externaltools.gnu-tools-for-stm32.9-2020-q2-update.win32_2.0.0.202105311346/tools/bin/../lib/gcc/arm-none-eabi/9.3.1/../../../../arm-none-eabi/lib/thumb/v7e-m+fp/hard\libc_nano.a
LOAD c:/st/stm32cubeide_1.4.0/stm32cubeide/plugins/com.st.stm32cube.ide.mcu.externaltools.gnu-tools-for-stm32.9-2020-q2-update.win32_2.0.0.202105311346/tools/bin/../lib/gcc/arm-none-eabi/9.3.1/../../../../arm-none-eabi/lib/thumb/v7e-m+fp/hard\libnosys.a
END GROUP
START GROUP
LOAD c:/st/stm32cubeide_1.4.0/stm32cubeide/plugins/com.st.stm32cube.ide.mcu.externaltools.gnu-tools-for-stm32.9-2020-q2-update.win32_2.0.0.202105311346/tools/bin/../lib/gcc/arm-none-eabi/9.3.1/thumb/v7e-m+fp/hard\libgcc.a
LOAD c:/st/stm32cubeide_1.4.0/stm32cubeide/plugins/com.st.stm32cube.ide.mcu.externaltools.gnu-tools-for-stm32.9-2020-q2-update.win32_2.0.0.202105311346/tools/bin/../lib/gcc/arm-none-eabi/9.3.1/../../../../arm-none-eabi/lib/thumb/v7e-m+fp/hard\libc_nano.a
LOAD c:/st/stm32cubeide_1.4.0/stm32cubeide/plugins/com.st.stm32cube.ide.mcu.externaltools.gnu-tools-for-stm32.9-2020-q2-update.win32_2.0.0.202105311346/tools/bin/../lib/gcc/arm-none-eabi/9.3.1/../../../../arm-none-eabi/lib/thumb/v7e-m+fp/hard\libnosys.a
END GROUP
LOAD c:/st/stm32cubeide_1.4.0/stm32cubeide/plugins/com.st.stm32cube.ide.mcu.externaltools.gnu-tools-for-stm32.9-2020-q2-update.win32_2.0.0.202105311346/tools/bin/../lib/gcc/arm-none-eabi/9.3.1/thumb/v7e-m+fp/hard/crtend.o
LOAD c:/st/stm32cubeide_1.4.0/stm32cubeide/plugins/com.st.stm32cube.ide.mcu.externaltools.gnu-tools-for-stm32.9-2020-q2-update.win32_2.0.0.202105311346/tools/bin/../lib/gcc/arm-none-eabi/9.3.1/thumb/v7e-m+fp/hard/crtn.o
                0x0000000020020000                _estack = (ORIGIN (RAM) + LENGTH (RAM))
                0x0000000000000200                _Min_Heap_Size = 0x200
                0x0000000000000400                _Min_Stack_Size = 0x400

.isr_vector     0x0000000008000000      0x194
                0x0000000008000000                . = ALIGN (0x4)
 *(.isr_vector)
 .isr_vector    0x0000000008000000      0x194 ./Core/Startup/startup_stm32l452rctx.o
                0x0000000008000000                g_pfnVectors
                0x0000000008000194                . = ALIGN (0x4)

.text           0x0000000008000194     0x6030
                0x0000000008000194                . = ALIGN (0x4)
 *(.text)
 .text          0x0000000008000194       0x40 c:/st/stm32cubeide_1.4.0/stm32cubeide/plugins/com.st.stm32cube.ide.mcu.externaltools.gnu-tools-for-stm32.9-2020-q2-update.win32_2.0.0.202105311346/tools/bin/../lib/gcc/arm-none-eabi/9.3.1/thumb/v7e-m+fp/hard/crtbegin.o
 .text          0x00000000080001d4       0x10 c:/st/stm32cubeide_1.4.0/stm32cubeide/plugins/com.st.stm32cube.ide.mcu.externaltools.gnu-tools-for-stm32.9-2020-q2-update.win32_2.0.0.202105311346/tools/bin/../lib/gcc/arm-none-eabi/9.3.1/../../../../arm-none-eabi/lib/thumb/v7e-m+fp/hard\libc_nano.a(lib_a-strlen.o)
                0x00000000080001d4                strlen
 .text          0x00000000080001e4       0x30 c:/st/stm32cubeide_1.4.0/stm32cubeide/plugins/com.st.stm32cube.ide.mcu.externaltools.gnu-tools-for-stm32.9-2020-q2-update.win32_2.0.0.202105311346/tools/bin/../lib/gcc/arm-none-eabi/9.3.1/thumb/v7e-m+fp/hard\libgcc.a(_aeabi_uldivmod.o)
                0x00000000080001e4                __aeabi_uldivmod
 .text          0x0000000008000214      0x2c4 c:/st/stm32cubeide_1.4.0/stm32cubeide/plugins/com.st.stm32cube.ide.mcu.externaltools.gnu-tools-for-stm32.9-2020-q2-update.win32_2.0.0.202105311346/tools/bin/../lib/gcc/arm-none-eabi/9.3.1/thumb/v7e-m+fp/hard\libgcc.a(_udivmoddi4.o)
                0x0000000008000214                __udivmoddi4
 .text          0x00000000080004d8        0x4 c:/st/stm32cubeide_1.4.0/stm32cubeide/plugins/com.st.stm32cube.ide.mcu.externaltools.gnu-tools-for-stm32.9-2020-q2-update.win32_2.0.0.202105311346/tools/bin/../lib/gcc/arm-none-eabi/9.3.1/thumb/v7e-m+fp/hard\libgcc.a(_dvmd_tls.o)
                0x00000000080004d8                __aeabi_idiv0
                0x00000000080004d8                __aeabi_ldiv0
 *(.text*)
 .text.MainTask
                0x00000000080004dc       0x16 ./App/main_app.o
                0x00000000080004dc                MainTask
 .text.AppInit  0x00000000080004f2       0x10 ./App/main_app.o
 *fill*         0x0000000008000502        0x2 
 .text.MX_ADC1_Init
                0x0000000008000504       0xe8 ./Core/Src/adc.o
                0x0000000008000504                MX_ADC1_Init
 .text.HAL_ADC_MspInit
                0x00000000080005ec       0xd0 ./Core/Src/adc.o
                0x00000000080005ec                HAL_ADC_MspInit
 .text.MX_GPIO_Init
                0x00000000080006bc      0x238 ./Core/Src/gpio.o
                0x00000000080006bc                MX_GPIO_Init
 .text.MX_IWDG_Init
                0x00000000080008f4       0x3c ./Core/Src/iwdg.o
                0x00000000080008f4                MX_IWDG_Init
 .text.main     0x0000000008000930       0x32 ./Core/Src/main.o
                0x0000000008000930                main
 *fill*         0x0000000008000962        0x2 
 .text.SystemClock_Config
                0x0000000008000964       0xc4 ./Core/Src/main.o
                0x0000000008000964                SystemClock_Config
 .text.HAL_TIM_PeriodElapsedCallback
                0x0000000008000a28       0x24 ./Core/Src/main.o
                0x0000000008000a28                HAL_TIM_PeriodElapsedCallback
 .text.Error_Handler
                0x0000000008000a4c        0xa ./Core/Src/main.o
                0x0000000008000a4c                Error_Handler
 *fill*         0x0000000008000a56        0x2 
 .text.MX_RTC_Init
                0x0000000008000a58       0x50 ./Core/Src/rtc.o
                0x0000000008000a58                MX_RTC_Init
 .text.HAL_RTC_MspInit
                0x0000000008000aa8       0x60 ./Core/Src/rtc.o
                0x0000000008000aa8                HAL_RTC_MspInit
 .text.MX_SPI1_Init
                0x0000000008000b08       0x7c ./Core/Src/spi.o
                0x0000000008000b08                MX_SPI1_Init
 .text.HAL_SPI_MspInit
                0x0000000008000b84       0x84 ./Core/Src/spi.o
                0x0000000008000b84                HAL_SPI_MspInit
 .text.HAL_MspInit
                0x0000000008000c08       0x48 ./Core/Src/stm32l4xx_hal_msp.o
                0x0000000008000c08                HAL_MspInit
 .text.HAL_InitTick
                0x0000000008000c50       0xac ./Core/Src/stm32l4xx_hal_timebase_tim.o
                0x0000000008000c50                HAL_InitTick
 .text.NMI_Handler
                0x0000000008000cfc        0x6 ./Core/Src/stm32l4xx_it.o
                0x0000000008000cfc                NMI_Handler
 .text.HardFault_Handler
                0x0000000008000d02        0x6 ./Core/Src/stm32l4xx_it.o
                0x0000000008000d02                HardFault_Handler
 .text.MemManage_Handler
                0x0000000008000d08        0x6 ./Core/Src/stm32l4xx_it.o
                0x0000000008000d08                MemManage_Handler
 .text.BusFault_Handler
                0x0000000008000d0e        0x6 ./Core/Src/stm32l4xx_it.o
                0x0000000008000d0e                BusFault_Handler
 .text.UsageFault_Handler
                0x0000000008000d14        0x6 ./Core/Src/stm32l4xx_it.o
                0x0000000008000d14                UsageFault_Handler
 .text.SVC_Handler
                0x0000000008000d1a        0xe ./Core/Src/stm32l4xx_it.o
                0x0000000008000d1a                SVC_Handler
 .text.DebugMon_Handler
                0x0000000008000d28        0xe ./Core/Src/stm32l4xx_it.o
                0x0000000008000d28                DebugMon_Handler
 .text.PendSV_Handler
                0x0000000008000d36        0xe ./Core/Src/stm32l4xx_it.o
                0x0000000008000d36                PendSV_Handler
 .text.SysTick_Handler
                0x0000000008000d44        0xe ./Core/Src/stm32l4xx_it.o
                0x0000000008000d44                SysTick_Handler
 *fill*         0x0000000008000d52        0x2 
 .text.TIM1_UP_TIM16_IRQHandler
                0x0000000008000d54       0x14 ./Core/Src/stm32l4xx_it.o
                0x0000000008000d54                TIM1_UP_TIM16_IRQHandler
 .text.USART1_IRQHandler
                0x0000000008000d68       0x14 ./Core/Src/stm32l4xx_it.o
                0x0000000008000d68                USART1_IRQHandler
 .text.USART3_IRQHandler
                0x0000000008000d7c       0x14 ./Core/Src/stm32l4xx_it.o
                0x0000000008000d7c                USART3_IRQHandler
 .text.UART4_IRQHandler
                0x0000000008000d90       0x14 ./Core/Src/stm32l4xx_it.o
                0x0000000008000d90                UART4_IRQHandler
 .text.SystemInit
                0x0000000008000da4       0x64 ./Core/Src/system_stm32l4xx.o
                0x0000000008000da4                SystemInit
 .text.MX_UART4_Init
                0x0000000008000e08       0x60 ./Core/Src/usart.o
                0x0000000008000e08                MX_UART4_Init
 .text.MX_USART1_UART_Init
                0x0000000008000e68       0x60 ./Core/Src/usart.o
                0x0000000008000e68                MX_USART1_UART_Init
 .text.MX_USART3_UART_Init
                0x0000000008000ec8       0x60 ./Core/Src/usart.o
                0x0000000008000ec8                MX_USART3_UART_Init
 .text.HAL_UART_MspInit
                0x0000000008000f28      0x204 ./Core/Src/usart.o
                0x0000000008000f28                HAL_UART_MspInit
 .text.Reset_Handler
                0x000000000800112c       0x50 ./Core/Startup/startup_stm32l452rctx.o
                0x000000000800112c                Reset_Handler
 .text.Default_Handler
                0x000000000800117c        0x2 ./Core/Startup/startup_stm32l452rctx.o
                0x000000000800117c                RTC_Alarm_IRQHandler
                0x000000000800117c                EXTI2_IRQHandler
                0x000000000800117c                TIM1_CC_IRQHandler
                0x000000000800117c                TSC_IRQHandler
                0x000000000800117c                TAMP_STAMP_IRQHandler
                0x000000000800117c                EXTI3_IRQHandler
                0x000000000800117c                LPTIM2_IRQHandler
                0x000000000800117c                DFSDM1_FLT1_IRQHandler
                0x000000000800117c                I2C3_ER_IRQHandler
                0x000000000800117c                EXTI0_IRQHandler
                0x000000000800117c                I2C2_EV_IRQHandler
                0x000000000800117c                CAN1_RX0_IRQHandler
                0x000000000800117c                FPU_IRQHandler
                0x000000000800117c                SPI1_IRQHandler
                0x000000000800117c                TIM6_DAC_IRQHandler
                0x000000000800117c                DMA2_Channel2_IRQHandler
                0x000000000800117c                DMA1_Channel4_IRQHandler
                0x000000000800117c                ADC1_IRQHandler
                0x000000000800117c                DMA1_Channel7_IRQHandler
                0x000000000800117c                CAN1_RX1_IRQHandler
                0x000000000800117c                DMA2_Channel1_IRQHandler
                0x000000000800117c                QUADSPI_IRQHandler
                0x000000000800117c                I2C1_EV_IRQHandler
                0x000000000800117c                DMA1_Channel6_IRQHandler
                0x000000000800117c                DMA2_Channel4_IRQHandler
                0x000000000800117c                TIM3_IRQHandler
                0x000000000800117c                RCC_IRQHandler
                0x000000000800117c                TIM1_TRG_COM_IRQHandler
                0x000000000800117c                DMA1_Channel1_IRQHandler
                0x000000000800117c                Default_Handler
                0x000000000800117c                DMA2_Channel7_IRQHandler
                0x000000000800117c                EXTI15_10_IRQHandler
                0x000000000800117c                SDMMC1_IRQHandler
                0x000000000800117c                I2C3_EV_IRQHandler
                0x000000000800117c                USB_IRQHandler
                0x000000000800117c                EXTI9_5_IRQHandler
                0x000000000800117c                RTC_WKUP_IRQHandler
                0x000000000800117c                PVD_PVM_IRQHandler
                0x000000000800117c                SPI2_IRQHandler
                0x000000000800117c                CAN1_TX_IRQHandler
                0x000000000800117c                DMA2_Channel5_IRQHandler
                0x000000000800117c                CRS_IRQHandler
                0x000000000800117c                DMA1_Channel5_IRQHandler
                0x000000000800117c                EXTI4_IRQHandler
                0x000000000800117c                RNG_IRQHandler
                0x000000000800117c                DMA1_Channel3_IRQHandler
                0x000000000800117c                COMP_IRQHandler
                0x000000000800117c                WWDG_IRQHandler
                0x000000000800117c                I2C4_EV_IRQHandler
                0x000000000800117c                LPUART1_IRQHandler
                0x000000000800117c                DMA2_Channel6_IRQHandler
                0x000000000800117c                TIM2_IRQHandler
                0x000000000800117c                EXTI1_IRQHandler
                0x000000000800117c                USART2_IRQHandler
                0x000000000800117c                DFSDM1_FLT0_IRQHandler
                0x000000000800117c                I2C2_ER_IRQHandler
                0x000000000800117c                DMA1_Channel2_IRQHandler
                0x000000000800117c                CAN1_SCE_IRQHandler
                0x000000000800117c                FLASH_IRQHandler
                0x000000000800117c                SPI3_IRQHandler
                0x000000000800117c                I2C1_ER_IRQHandler
                0x000000000800117c                LPTIM1_IRQHandler
                0x000000000800117c                I2C4_ER_IRQHandler
                0x000000000800117c                SAI1_IRQHandler
                0x000000000800117c                DMA2_Channel3_IRQHandler
                0x000000000800117c                TIM1_BRK_TIM15_IRQHandler
 .text.HAL_Init
                0x000000000800117e       0x30 ./Drivers/STM32L4xx_HAL_Driver/Src/stm32l4xx_hal.o
                0x000000000800117e                HAL_Init
 *fill*         0x00000000080011ae        0x2 
 .text.HAL_IncTick
                0x00000000080011b0       0x28 ./Drivers/STM32L4xx_HAL_Driver/Src/stm32l4xx_hal.o
                0x00000000080011b0                HAL_IncTick
 .text.HAL_GetTick
                0x00000000080011d8       0x18 ./Drivers/STM32L4xx_HAL_Driver/Src/stm32l4xx_hal.o
                0x00000000080011d8                HAL_GetTick
 .text.LL_ADC_SetCommonClock
                0x00000000080011f0       0x26 ./Drivers/STM32L4xx_HAL_Driver/Src/stm32l4xx_hal_adc.o
 .text.LL_ADC_SetCommonPathInternalCh
                0x0000000008001216       0x26 ./Drivers/STM32L4xx_HAL_Driver/Src/stm32l4xx_hal_adc.o
 .text.LL_ADC_GetCommonPathInternalCh
                0x000000000800123c       0x1c ./Drivers/STM32L4xx_HAL_Driver/Src/stm32l4xx_hal_adc.o
 .text.LL_ADC_SetOffset
                0x0000000008001258       0x48 ./Drivers/STM32L4xx_HAL_Driver/Src/stm32l4xx_hal_adc.o
 .text.LL_ADC_GetOffsetChannel
                0x00000000080012a0       0x2c ./Drivers/STM32L4xx_HAL_Driver/Src/stm32l4xx_hal_adc.o
 .text.LL_ADC_SetOffsetState
                0x00000000080012cc       0x36 ./Drivers/STM32L4xx_HAL_Driver/Src/stm32l4xx_hal_adc.o
 .text.LL_ADC_SetSamplingTimeCommonConfig
                0x0000000008001302       0x26 ./Drivers/STM32L4xx_HAL_Driver/Src/stm32l4xx_hal_adc.o
 .text.LL_ADC_REG_SetSequencerRanks
                0x0000000008001328       0x58 ./Drivers/STM32L4xx_HAL_Driver/Src/stm32l4xx_hal_adc.o
 .text.LL_ADC_SetChannelSamplingTime
                0x0000000008001380       0x56 ./Drivers/STM32L4xx_HAL_Driver/Src/stm32l4xx_hal_adc.o
 *fill*         0x00000000080013d6        0x2 
 .text.LL_ADC_SetChannelSingleDiff
                0x00000000080013d8       0x48 ./Drivers/STM32L4xx_HAL_Driver/Src/stm32l4xx_hal_adc.o
 .text.LL_ADC_DisableDeepPowerDown
                0x0000000008001420       0x24 ./Drivers/STM32L4xx_HAL_Driver/Src/stm32l4xx_hal_adc.o
 .text.LL_ADC_IsDeepPowerDownEnabled
                0x0000000008001444       0x28 ./Drivers/STM32L4xx_HAL_Driver/Src/stm32l4xx_hal_adc.o
 .text.LL_ADC_EnableInternalRegulator
                0x000000000800146c       0x28 ./Drivers/STM32L4xx_HAL_Driver/Src/stm32l4xx_hal_adc.o
 .text.LL_ADC_IsInternalRegulatorEnabled
                0x0000000008001494       0x28 ./Drivers/STM32L4xx_HAL_Driver/Src/stm32l4xx_hal_adc.o
 .text.LL_ADC_IsEnabled
                0x00000000080014bc       0x26 ./Drivers/STM32L4xx_HAL_Driver/Src/stm32l4xx_hal_adc.o
 .text.LL_ADC_REG_IsConversionOngoing
                0x00000000080014e2       0x26 ./Drivers/STM32L4xx_HAL_Driver/Src/stm32l4xx_hal_adc.o
 .text.LL_ADC_INJ_IsConversionOngoing
                0x0000000008001508       0x26 ./Drivers/STM32L4xx_HAL_Driver/Src/stm32l4xx_hal_adc.o
 *fill*         0x000000000800152e        0x2 
 .text.HAL_ADC_Init
                0x0000000008001530      0x298 ./Drivers/STM32L4xx_HAL_Driver/Src/stm32l4xx_hal_adc.o
                0x0000000008001530                HAL_ADC_Init
 .text.HAL_ADC_ConfigChannel
                0x00000000080017c8      0x7f8 ./Drivers/STM32L4xx_HAL_Driver/Src/stm32l4xx_hal_adc.o
                0x00000000080017c8                HAL_ADC_ConfigChannel
 .text.__NVIC_SetPriorityGrouping
                0x0000000008001fc0       0x48 ./Drivers/STM32L4xx_HAL_Driver/Src/stm32l4xx_hal_cortex.o
 .text.__NVIC_GetPriorityGrouping
                0x0000000008002008       0x1c ./Drivers/STM32L4xx_HAL_Driver/Src/stm32l4xx_hal_cortex.o
 .text.__NVIC_EnableIRQ
                0x0000000008002024       0x3c ./Drivers/STM32L4xx_HAL_Driver/Src/stm32l4xx_hal_cortex.o
 .text.__NVIC_SetPriority
                0x0000000008002060       0x54 ./Drivers/STM32L4xx_HAL_Driver/Src/stm32l4xx_hal_cortex.o
 .text.NVIC_EncodePriority
                0x00000000080020b4       0x66 ./Drivers/STM32L4xx_HAL_Driver/Src/stm32l4xx_hal_cortex.o
 .text.HAL_NVIC_SetPriorityGrouping
                0x000000000800211a       0x16 ./Drivers/STM32L4xx_HAL_Driver/Src/stm32l4xx_hal_cortex.o
                0x000000000800211a                HAL_NVIC_SetPriorityGrouping
 .text.HAL_NVIC_SetPriority
                0x0000000008002130       0x38 ./Drivers/STM32L4xx_HAL_Driver/Src/stm32l4xx_hal_cortex.o
                0x0000000008002130                HAL_NVIC_SetPriority
 .text.HAL_NVIC_EnableIRQ
                0x0000000008002168       0x1c ./Drivers/STM32L4xx_HAL_Driver/Src/stm32l4xx_hal_cortex.o
                0x0000000008002168                HAL_NVIC_EnableIRQ
 .text.HAL_DMA_Abort
                0x0000000008002184       0x7c ./Drivers/STM32L4xx_HAL_Driver/Src/stm32l4xx_hal_dma.o
                0x0000000008002184                HAL_DMA_Abort
 .text.HAL_DMA_Abort_IT
                0x0000000008002200       0x82 ./Drivers/STM32L4xx_HAL_Driver/Src/stm32l4xx_hal_dma.o
                0x0000000008002200                HAL_DMA_Abort_IT
 *fill*         0x0000000008002282        0x2 
 .text.HAL_GPIO_Init
                0x0000000008002284      0x2f4 ./Drivers/STM32L4xx_HAL_Driver/Src/stm32l4xx_hal_gpio.o
                0x0000000008002284                HAL_GPIO_Init
 .text.HAL_GPIO_WritePin
                0x0000000008002578       0x30 ./Drivers/STM32L4xx_HAL_Driver/Src/stm32l4xx_hal_gpio.o
                0x0000000008002578                HAL_GPIO_WritePin
 .text.HAL_GPIO_TogglePin
                0x00000000080025a8       0x34 ./Drivers/STM32L4xx_HAL_Driver/Src/stm32l4xx_hal_gpio.o
                0x00000000080025a8                HAL_GPIO_TogglePin
 .text.HAL_IWDG_Init
                0x00000000080025dc       0x8c ./Drivers/STM32L4xx_HAL_Driver/Src/stm32l4xx_hal_iwdg.o
                0x00000000080025dc                HAL_IWDG_Init
 .text.HAL_IWDG_Refresh
                0x0000000008002668       0x20 ./Drivers/STM32L4xx_HAL_Driver/Src/stm32l4xx_hal_iwdg.o
                0x0000000008002668                HAL_IWDG_Refresh
 .text.HAL_PWR_EnableBkUpAccess
                0x0000000008002688       0x20 ./Drivers/STM32L4xx_HAL_Driver/Src/stm32l4xx_hal_pwr.o
                0x0000000008002688                HAL_PWR_EnableBkUpAccess
 .text.HAL_PWREx_GetVoltageRange
                0x00000000080026a8       0x1c ./Drivers/STM32L4xx_HAL_Driver/Src/stm32l4xx_hal_pwr_ex.o
                0x00000000080026a8                HAL_PWREx_GetVoltageRange
 .text.HAL_PWREx_ControlVoltageScaling
                0x00000000080026c4       0xac ./Drivers/STM32L4xx_HAL_Driver/Src/stm32l4xx_hal_pwr_ex.o
                0x00000000080026c4                HAL_PWREx_ControlVoltageScaling
 .text.HAL_RCC_OscConfig
                0x0000000008002770      0x840 ./Drivers/STM32L4xx_HAL_Driver/Src/stm32l4xx_hal_rcc.o
                0x0000000008002770                HAL_RCC_OscConfig
 .text.HAL_RCC_ClockConfig
                0x0000000008002fb0      0x1c4 ./Drivers/STM32L4xx_HAL_Driver/Src/stm32l4xx_hal_rcc.o
                0x0000000008002fb0                HAL_RCC_ClockConfig
 .text.HAL_RCC_GetSysClockFreq
                0x0000000008003174      0x118 ./Drivers/STM32L4xx_HAL_Driver/Src/stm32l4xx_hal_rcc.o
                0x0000000008003174                HAL_RCC_GetSysClockFreq
 .text.HAL_RCC_GetHCLKFreq
                0x000000000800328c       0x18 ./Drivers/STM32L4xx_HAL_Driver/Src/stm32l4xx_hal_rcc.o
                0x000000000800328c                HAL_RCC_GetHCLKFreq
 .text.HAL_RCC_GetPCLK1Freq
                0x00000000080032a4       0x2c ./Drivers/STM32L4xx_HAL_Driver/Src/stm32l4xx_hal_rcc.o
                0x00000000080032a4                HAL_RCC_GetPCLK1Freq
 .text.HAL_RCC_GetPCLK2Freq
                0x00000000080032d0       0x2c ./Drivers/STM32L4xx_HAL_Driver/Src/stm32l4xx_hal_rcc.o
                0x00000000080032d0                HAL_RCC_GetPCLK2Freq
 .text.HAL_RCC_GetClockConfig
                0x00000000080032fc       0x64 ./Drivers/STM32L4xx_HAL_Driver/Src/stm32l4xx_hal_rcc.o
                0x00000000080032fc                HAL_RCC_GetClockConfig
 .text.RCC_SetFlashLatencyFromMSIRange
                0x0000000008003360       0xc0 ./Drivers/STM32L4xx_HAL_Driver/Src/stm32l4xx_hal_rcc.o
 .text.HAL_RCCEx_PeriphCLKConfig
                0x0000000008003420      0x4d8 ./Drivers/STM32L4xx_HAL_Driver/Src/stm32l4xx_hal_rcc_ex.o
                0x0000000008003420                HAL_RCCEx_PeriphCLKConfig
 .text.RCCEx_PLLSAI1_Config
                0x00000000080038f8      0x1e4 ./Drivers/STM32L4xx_HAL_Driver/Src/stm32l4xx_hal_rcc_ex.o
 .text.HAL_RTC_Init
                0x0000000008003adc       0xf6 ./Drivers/STM32L4xx_HAL_Driver/Src/stm32l4xx_hal_rtc.o
                0x0000000008003adc                HAL_RTC_Init
 .text.HAL_RTC_WaitForSynchro
                0x0000000008003bd2       0x4c ./Drivers/STM32L4xx_HAL_Driver/Src/stm32l4xx_hal_rtc.o
                0x0000000008003bd2                HAL_RTC_WaitForSynchro
 .text.RTC_EnterInitMode
                0x0000000008003c1e       0x66 ./Drivers/STM32L4xx_HAL_Driver/Src/stm32l4xx_hal_rtc.o
                0x0000000008003c1e                RTC_EnterInitMode
 .text.RTC_ExitInitMode
                0x0000000008003c84       0x7c ./Drivers/STM32L4xx_HAL_Driver/Src/stm32l4xx_hal_rtc.o
                0x0000000008003c84                RTC_ExitInitMode
 .text.HAL_SPI_Init
                0x0000000008003d00      0x146 ./Drivers/STM32L4xx_HAL_Driver/Src/stm32l4xx_hal_spi.o
                0x0000000008003d00                HAL_SPI_Init
 .text.HAL_TIM_Base_Init
                0x0000000008003e46       0xae ./Drivers/STM32L4xx_HAL_Driver/Src/stm32l4xx_hal_tim.o
                0x0000000008003e46                HAL_TIM_Base_Init
 .text.HAL_TIM_Base_MspInit
                0x0000000008003ef4       0x14 ./Drivers/STM32L4xx_HAL_Driver/Src/stm32l4xx_hal_tim.o
                0x0000000008003ef4                HAL_TIM_Base_MspInit
 .text.HAL_TIM_Base_Start_IT
                0x0000000008003f08       0xb8 ./Drivers/STM32L4xx_HAL_Driver/Src/stm32l4xx_hal_tim.o
                0x0000000008003f08                HAL_TIM_Base_Start_IT
 .text.HAL_TIM_IRQHandler
                0x0000000008003fc0      0x23e ./Drivers/STM32L4xx_HAL_Driver/Src/stm32l4xx_hal_tim.o
                0x0000000008003fc0                HAL_TIM_IRQHandler
 .text.HAL_TIM_OC_DelayElapsedCallback
                0x00000000080041fe       0x14 ./Drivers/STM32L4xx_HAL_Driver/Src/stm32l4xx_hal_tim.o
                0x00000000080041fe                HAL_TIM_OC_DelayElapsedCallback
 .text.HAL_TIM_IC_CaptureCallback
                0x0000000008004212       0x14 ./Drivers/STM32L4xx_HAL_Driver/Src/stm32l4xx_hal_tim.o
                0x0000000008004212                HAL_TIM_IC_CaptureCallback
 .text.HAL_TIM_PWM_PulseFinishedCallback
                0x0000000008004226       0x14 ./Drivers/STM32L4xx_HAL_Driver/Src/stm32l4xx_hal_tim.o
                0x0000000008004226                HAL_TIM_PWM_PulseFinishedCallback
 .text.HAL_TIM_TriggerCallback
                0x000000000800423a       0x14 ./Drivers/STM32L4xx_HAL_Driver/Src/stm32l4xx_hal_tim.o
                0x000000000800423a                HAL_TIM_TriggerCallback
 *fill*         0x000000000800424e        0x2 
 .text.TIM_Base_SetConfig
                0x0000000008004250       0xdc ./Drivers/STM32L4xx_HAL_Driver/Src/stm32l4xx_hal_tim.o
                0x0000000008004250                TIM_Base_SetConfig
 .text.HAL_TIMEx_CommutCallback
                0x000000000800432c       0x14 ./Drivers/STM32L4xx_HAL_Driver/Src/stm32l4xx_hal_tim_ex.o
                0x000000000800432c                HAL_TIMEx_CommutCallback
 .text.HAL_TIMEx_BreakCallback
                0x0000000008004340       0x14 ./Drivers/STM32L4xx_HAL_Driver/Src/stm32l4xx_hal_tim_ex.o
                0x0000000008004340                HAL_TIMEx_BreakCallback
 .text.HAL_TIMEx_Break2Callback
                0x0000000008004354       0x14 ./Drivers/STM32L4xx_HAL_Driver/Src/stm32l4xx_hal_tim_ex.o
                0x0000000008004354                HAL_TIMEx_Break2Callback
 .text.HAL_UART_Init
                0x0000000008004368       0x9c ./Drivers/STM32L4xx_HAL_Driver/Src/stm32l4xx_hal_uart.o
                0x0000000008004368                HAL_UART_Init
 .text.HAL_UART_Transmit
                0x0000000008004404      0x128 ./Drivers/STM32L4xx_HAL_Driver/Src/stm32l4xx_hal_uart.o
                0x0000000008004404                HAL_UART_Transmit
 .text.HAL_UART_Receive_IT
                0x000000000800452c       0x88 ./Drivers/STM32L4xx_HAL_Driver/Src/stm32l4xx_hal_uart.o
                0x000000000800452c                HAL_UART_Receive_IT
 .text.HAL_UART_IRQHandler
                0x00000000080045b4      0x404 ./Drivers/STM32L4xx_HAL_Driver/Src/stm32l4xx_hal_uart.o
                0x00000000080045b4                HAL_UART_IRQHandler
 .text.HAL_UART_TxCpltCallback
                0x00000000080049b8       0x14 ./Drivers/STM32L4xx_HAL_Driver/Src/stm32l4xx_hal_uart.o
                0x00000000080049b8                HAL_UART_TxCpltCallback
 .text.HAL_UART_ErrorCallback
                0x00000000080049cc       0x14 ./Drivers/STM32L4xx_HAL_Driver/Src/stm32l4xx_hal_uart.o
                0x00000000080049cc                HAL_UART_ErrorCallback
 .text.HAL_UARTEx_RxEventCallback
                0x00000000080049e0       0x18 ./Drivers/STM32L4xx_HAL_Driver/Src/stm32l4xx_hal_uart.o
                0x00000000080049e0                HAL_UARTEx_RxEventCallback
 .text.UART_SetConfig
                0x00000000080049f8      0x4b8 ./Drivers/STM32L4xx_HAL_Driver/Src/stm32l4xx_hal_uart.o
                0x00000000080049f8                UART_SetConfig
 .text.UART_AdvFeatureConfig
                0x0000000008004eb0      0x144 ./Drivers/STM32L4xx_HAL_Driver/Src/stm32l4xx_hal_uart.o
                0x0000000008004eb0                UART_AdvFeatureConfig
 .text.UART_CheckIdleState
                0x0000000008004ff4       0x92 ./Drivers/STM32L4xx_HAL_Driver/Src/stm32l4xx_hal_uart.o
                0x0000000008004ff4                UART_CheckIdleState
 .text.UART_WaitOnFlagUntilTimeout
                0x0000000008005086       0xf8 ./Drivers/STM32L4xx_HAL_Driver/Src/stm32l4xx_hal_uart.o
                0x0000000008005086                UART_WaitOnFlagUntilTimeout
 *fill*         0x000000000800517e        0x2 
 .text.UART_Start_Receive_IT
                0x0000000008005180      0x110 ./Drivers/STM32L4xx_HAL_Driver/Src/stm32l4xx_hal_uart.o
                0x0000000008005180                UART_Start_Receive_IT
 .text.UART_EndRxTransfer
                0x0000000008005290       0x5e ./Drivers/STM32L4xx_HAL_Driver/Src/stm32l4xx_hal_uart.o
 .text.UART_DMAAbortOnError
                0x00000000080052ee       0x2c ./Drivers/STM32L4xx_HAL_Driver/Src/stm32l4xx_hal_uart.o
 .text.UART_EndTransmit_IT
                0x000000000800531a       0x32 ./Drivers/STM32L4xx_HAL_Driver/Src/stm32l4xx_hal_uart.o
 .text.UART_RxISR_8BIT
                0x000000000800534c       0xd8 ./Drivers/STM32L4xx_HAL_Driver/Src/stm32l4xx_hal_uart.o
 .text.UART_RxISR_16BIT
                0x0000000008005424       0xd8 ./Drivers/STM32L4xx_HAL_Driver/Src/stm32l4xx_hal_uart.o
 .text.HAL_UARTEx_WakeupCallback
                0x00000000080054fc       0x14 ./Drivers/STM32L4xx_HAL_Driver/Src/stm32l4xx_hal_uart_ex.o
                0x00000000080054fc                HAL_UARTEx_WakeupCallback
 .text.Event_Init
                0x0000000008005510       0x24 ./EventDriven/event_driven.o
                0x0000000008005510                Event_Init
 .text.EventTask
                0x0000000008005534        0xc ./EventDriven/event_driven.o
                0x0000000008005534                EventTask
 .text.CheckEventQueue
                0x0000000008005540       0x94 ./EventDriven/event_driven.o
 .text.fevent_active
                0x00000000080055d4       0x32 ./EventDriven/event_driven.o
                0x00000000080055d4                fevent_active
 .text.fevent_enable
                0x0000000008005606       0x32 ./EventDriven/event_driven.o
                0x0000000008005606                fevent_enable
 .text.fevent_disable
                0x0000000008005638       0x26 ./EventDriven/event_driven.o
                0x0000000008005638                fevent_disable
 *fill*         0x000000000800565e        0x2 
 .text.f_event_blink_led1_handler
                0x0000000008005660       0x20 ./EventDriven/event_driven.o
 .text.f_event_blink_led2_handler
                0x0000000008005680       0x2c ./EventDriven/event_driven.o
 .text.f_event_blink_led3_handler
                0x00000000080056ac       0x1e ./EventDriven/event_driven.o
 *fill*         0x00000000080056ca        0x2 
 .text.f_event_print_debug_handler
                0x00000000080056cc       0x38 ./EventDriven/event_driven.o
 .text.f_event_collect_handler
                0x0000000008005704       0x1a ./EventDriven/event_driven.o
 *fill*         0x000000000800571e        0x2 
 .text.MeterTask
                0x0000000008005720       0x94 ./meter/elster.o
                0x0000000008005720                MeterTask
 .text.fevent_meter_cmd_send_handler
                0x00000000080057b4       0x64 ./meter/elster.o
 .text.fevent_meter_cmd_send_OK_handler
                0x0000000008005818       0x18 ./meter/elster.o
 .text.fevent_meter_cmd_send_Timeout_handler
                0x0000000008005830       0x18 ./meter/elster.o
 .text.fevent_meter_uart_receive_handler
                0x0000000008005848       0x18 ./meter/elster.o
 .text.M_GetMeterCmdToQueue
                0x0000000008005860       0x3c ./meter/elster.o
 .text.M_PushMeterCmdToQueue
                0x000000000800589c       0x4c ./meter/elster.o
 .text.M_PushMeterCmdBlockToQueue
                0x00000000080058e8       0x46 ./meter/elster.o
                0x00000000080058e8                M_PushMeterCmdBlockToQueue
 *fill*         0x000000000800592e        0x2 
 .text.M_PushMeterMessageToQueue
                0x0000000008005930       0x38 ./meter/elster.o
                0x0000000008005930                M_PushMeterMessageToQueue
 .text.M_GetMeterMessageFromQueue
                0x0000000008005968       0x3c ./meter/elster.o
 .text.fevent_meter_read_message_handler
                0x00000000080059a4       0x64 ./meter/elster.o
 .text.meter_pack_message
                0x0000000008005a08       0x20 ./meter/elster.o
 .text.meter_cmd_callback_success
                0x0000000008005a28       0x20 ./meter/elster.o
 .text.meter_cmd_callback_failure
                0x0000000008005a48       0x20 ./meter/elster.o
 .text.Q_push_data_to_queue
                0x0000000008005a68       0x5a ./queue/queue_p.o
                0x0000000008005a68                Q_push_data_to_queue
 .text.Q_get_data_from_queue
                0x0000000008005ac2       0x64 ./queue/queue_p.o
                0x0000000008005ac2                Q_get_data_from_queue
 .text.Q_clear_queue
                0x0000000008005b26       0x24 ./queue/queue_p.o
                0x0000000008005b26                Q_clear_queue
 .text.Q_get_number_items
                0x0000000008005b4a       0x18 ./queue/queue_p.o
                0x0000000008005b4a                Q_get_number_items
 *fill*         0x0000000008005b62        0x2 
 .text.SimInit  0x0000000008005b64       0x3c ./sim_module/sim_command.o
                0x0000000008005b64                SimInit
 .text.SimTask  0x0000000008005ba0       0x94 ./sim_module/sim_command.o
                0x0000000008005ba0                SimTask
 .text.SimON    0x0000000008005c34       0xc4 ./sim_module/sim_command.o
                0x0000000008005c34                SimON
 .text.fevent_sim_at_send_handler
                0x0000000008005cf8       0x94 ./sim_module/sim_command.o
 .text.fevent_sim_at_send_ok_handler
                0x0000000008005d8c       0x3c ./sim_module/sim_command.o
 .text.fevent_sim_at_send_timeout_handler
                0x0000000008005dc8       0x50 ./sim_module/sim_command.o
 .text.fevent_sim_uart_receive_handler
                0x0000000008005e18       0x2a ./sim_module/sim_command.o
 *fill*         0x0000000008005e42        0x2 
 .text.fevent_sim_turn_on_handler
                0x0000000008005e44       0x30 ./sim_module/sim_command.o
 .text.fPushSimStepToQueue
                0x0000000008005e74       0x4c ./sim_module/sim_command.o
                0x0000000008005e74                fPushSimStepToQueue
 .text.fPushBlockSimStepToQueue
                0x0000000008005ec0       0x46 ./sim_module/sim_command.o
                0x0000000008005ec0                fPushBlockSimStepToQueue
 *fill*         0x0000000008005f06        0x2 
 .text.fClearSimStepQueue
                0x0000000008005f08       0x20 ./sim_module/sim_command.o
                0x0000000008005f08                fClearSimStepQueue
 .text.fGetSimStepFromQueue
                0x0000000008005f28       0x3c ./sim_module/sim_command.o
                0x0000000008005f28                fGetSimStepFromQueue
 .text.fSend_String_to_UartSim
                0x0000000008005f64       0x28 ./sim_module/sim_command.o
                0x0000000008005f64                fSend_String_to_UartSim
 .text.at_callback_success
                0x0000000008005f8c       0x16 ./sim_module/sim_command.o
 .text.at_callback_failure
                0x0000000008005fa2       0x16 ./sim_module/sim_command.o
 .text.at_send_message_callback_success
                0x0000000008005fb8       0x16 ./sim_module/sim_command.o
 *fill*         0x0000000008005fce        0x2 
 .text.at_connect_TCP_callback_success
                0x0000000008005fd0       0x24 ./sim_module/sim_command.o
 .text.Sim_Check_Response
                0x0000000008005ff4       0xac ./sim_module/sim_command.o
                0x0000000008005ff4                Sim_Check_Response
 .text.HAL_UART_RxCpltCallback
                0x00000000080060a0       0x68 ./sim_module/sim_command.o
                0x00000000080060a0                HAL_UART_RxCpltCallback
 .text.__libc_init_array
                0x0000000008006108       0x48 c:/st/stm32cubeide_1.4.0/stm32cubeide/plugins/com.st.stm32cube.ide.mcu.externaltools.gnu-tools-for-stm32.9-2020-q2-update.win32_2.0.0.202105311346/tools/bin/../lib/gcc/arm-none-eabi/9.3.1/../../../../arm-none-eabi/lib/thumb/v7e-m+fp/hard\libc_nano.a(lib_a-init.o)
                0x0000000008006108                __libc_init_array
 .text.memcpy   0x0000000008006150       0x1c c:/st/stm32cubeide_1.4.0/stm32cubeide/plugins/com.st.stm32cube.ide.mcu.externaltools.gnu-tools-for-stm32.9-2020-q2-update.win32_2.0.0.202105311346/tools/bin/../lib/gcc/arm-none-eabi/9.3.1/../../../../arm-none-eabi/lib/thumb/v7e-m+fp/hard\libc_nano.a(lib_a-memcpy-stub.o)
                0x0000000008006150                memcpy
 .text.memset   0x000000000800616c       0x10 c:/st/stm32cubeide_1.4.0/stm32cubeide/plugins/com.st.stm32cube.ide.mcu.externaltools.gnu-tools-for-stm32.9-2020-q2-update.win32_2.0.0.202105311346/tools/bin/../lib/gcc/arm-none-eabi/9.3.1/../../../../arm-none-eabi/lib/thumb/v7e-m+fp/hard\libc_nano.a(lib_a-memset.o)
                0x000000000800616c                memset
 .text.strstr   0x000000000800617c       0x2e c:/st/stm32cubeide_1.4.0/stm32cubeide/plugins/com.st.stm32cube.ide.mcu.externaltools.gnu-tools-for-stm32.9-2020-q2-update.win32_2.0.0.202105311346/tools/bin/../lib/gcc/arm-none-eabi/9.3.1/../../../../arm-none-eabi/lib/thumb/v7e-m+fp/hard\libc_nano.a(lib_a-strstr.o)
                0x000000000800617c                strstr
 *(.glue_7)
 .glue_7        0x00000000080061aa        0x0 linker stubs
 *(.glue_7t)
 .glue_7t       0x00000000080061aa        0x0 linker stubs
 *(.eh_frame)
 *fill*         0x00000000080061aa        0x2 
 .eh_frame      0x00000000080061ac        0x0 c:/st/stm32cubeide_1.4.0/stm32cubeide/plugins/com.st.stm32cube.ide.mcu.externaltools.gnu-tools-for-stm32.9-2020-q2-update.win32_2.0.0.202105311346/tools/bin/../lib/gcc/arm-none-eabi/9.3.1/thumb/v7e-m+fp/hard/crtbegin.o
 *(.init)
 .init          0x00000000080061ac        0x4 c:/st/stm32cubeide_1.4.0/stm32cubeide/plugins/com.st.stm32cube.ide.mcu.externaltools.gnu-tools-for-stm32.9-2020-q2-update.win32_2.0.0.202105311346/tools/bin/../lib/gcc/arm-none-eabi/9.3.1/thumb/v7e-m+fp/hard/crti.o
                0x00000000080061ac                _init
 .init          0x00000000080061b0        0x8 c:/st/stm32cubeide_1.4.0/stm32cubeide/plugins/com.st.stm32cube.ide.mcu.externaltools.gnu-tools-for-stm32.9-2020-q2-update.win32_2.0.0.202105311346/tools/bin/../lib/gcc/arm-none-eabi/9.3.1/thumb/v7e-m+fp/hard/crtn.o
 *(.fini)
 .fini          0x00000000080061b8        0x4 c:/st/stm32cubeide_1.4.0/stm32cubeide/plugins/com.st.stm32cube.ide.mcu.externaltools.gnu-tools-for-stm32.9-2020-q2-update.win32_2.0.0.202105311346/tools/bin/../lib/gcc/arm-none-eabi/9.3.1/thumb/v7e-m+fp/hard/crti.o
                0x00000000080061b8                _fini
 .fini          0x00000000080061bc        0x8 c:/st/stm32cubeide_1.4.0/stm32cubeide/plugins/com.st.stm32cube.ide.mcu.externaltools.gnu-tools-for-stm32.9-2020-q2-update.win32_2.0.0.202105311346/tools/bin/../lib/gcc/arm-none-eabi/9.3.1/thumb/v7e-m+fp/hard/crtn.o
                0x00000000080061c4                . = ALIGN (0x4)
                0x00000000080061c4                _etext = .

.vfp11_veneer   0x00000000080061c4        0x0
 .vfp11_veneer  0x00000000080061c4        0x0 linker stubs

.v4_bx          0x00000000080061c4        0x0
 .v4_bx         0x00000000080061c4        0x0 linker stubs

.iplt           0x00000000080061c4        0x0
 .iplt          0x00000000080061c4        0x0 c:/st/stm32cubeide_1.4.0/stm32cubeide/plugins/com.st.stm32cube.ide.mcu.externaltools.gnu-tools-for-stm32.9-2020-q2-update.win32_2.0.0.202105311346/tools/bin/../lib/gcc/arm-none-eabi/9.3.1/thumb/v7e-m+fp/hard/crtbegin.o

.rodata         0x00000000080061c4      0x278
                0x00000000080061c4                . = ALIGN (0x4)
 *(.rodata)
 .rodata        0x00000000080061c4      0x22e ./sim_module/sim_command.o
 *(.rodata*)
 *fill*         0x00000000080063f2        0x2 
 .rodata.AHBPrescTable
                0x00000000080063f4       0x10 ./Core/Src/system_stm32l4xx.o
                0x00000000080063f4                AHBPrescTable
 .rodata.APBPrescTable
                0x0000000008006404        0x8 ./Core/Src/system_stm32l4xx.o
                0x0000000008006404                APBPrescTable
 .rodata.MSIRangeTable
                0x000000000800640c       0x30 ./Core/Src/system_stm32l4xx.o
                0x000000000800640c                MSIRangeTable
                0x000000000800643c                . = ALIGN (0x4)

.ARM.extab      0x000000000800643c        0x0
                0x000000000800643c                . = ALIGN (0x4)
 *(.ARM.extab* .gnu.linkonce.armextab.*)
                0x000000000800643c                . = ALIGN (0x4)

.ARM            0x000000000800643c        0x8
                0x000000000800643c                . = ALIGN (0x4)
                0x000000000800643c                __exidx_start = .
 *(.ARM.exidx*)
 .ARM.exidx     0x000000000800643c        0x8 c:/st/stm32cubeide_1.4.0/stm32cubeide/plugins/com.st.stm32cube.ide.mcu.externaltools.gnu-tools-for-stm32.9-2020-q2-update.win32_2.0.0.202105311346/tools/bin/../lib/gcc/arm-none-eabi/9.3.1/thumb/v7e-m+fp/hard\libgcc.a(_udivmoddi4.o)
                0x0000000008006444                __exidx_end = .
                0x0000000008006444                . = ALIGN (0x4)

.rel.dyn        0x0000000008006444        0x0
 .rel.iplt      0x0000000008006444        0x0 c:/st/stm32cubeide_1.4.0/stm32cubeide/plugins/com.st.stm32cube.ide.mcu.externaltools.gnu-tools-for-stm32.9-2020-q2-update.win32_2.0.0.202105311346/tools/bin/../lib/gcc/arm-none-eabi/9.3.1/thumb/v7e-m+fp/hard/crtbegin.o

.preinit_array  0x0000000008006444        0x0
                0x0000000008006444                . = ALIGN (0x4)
                0x0000000008006444                PROVIDE (__preinit_array_start = .)
 *(.preinit_array*)
                0x0000000008006444                PROVIDE (__preinit_array_end = .)
                0x0000000008006444                . = ALIGN (0x4)

.init_array     0x0000000008006444        0x4
                0x0000000008006444                . = ALIGN (0x4)
                0x0000000008006444                PROVIDE (__init_array_start = .)
 *(SORT_BY_NAME(.init_array.*))
 *(.init_array*)
 .init_array    0x0000000008006444        0x4 c:/st/stm32cubeide_1.4.0/stm32cubeide/plugins/com.st.stm32cube.ide.mcu.externaltools.gnu-tools-for-stm32.9-2020-q2-update.win32_2.0.0.202105311346/tools/bin/../lib/gcc/arm-none-eabi/9.3.1/thumb/v7e-m+fp/hard/crtbegin.o
                0x0000000008006448                PROVIDE (__init_array_end = .)
                0x0000000008006448                . = ALIGN (0x4)

.fini_array     0x0000000008006448        0x4
                0x0000000008006448                . = ALIGN (0x4)
                [!provide]                        PROVIDE (__fini_array_start = .)
 *(SORT_BY_NAME(.fini_array.*))
 *(.fini_array*)
 .fini_array    0x0000000008006448        0x4 c:/st/stm32cubeide_1.4.0/stm32cubeide/plugins/com.st.stm32cube.ide.mcu.externaltools.gnu-tools-for-stm32.9-2020-q2-update.win32_2.0.0.202105311346/tools/bin/../lib/gcc/arm-none-eabi/9.3.1/thumb/v7e-m+fp/hard/crtbegin.o
                [!provide]                        PROVIDE (__fini_array_end = .)
                0x000000000800644c                . = ALIGN (0x4)
                0x000000000800644c                _sidata = LOADADDR (.data)

.data           0x0000000020000000      0x38c load address 0x000000000800644c
                0x0000000020000000                . = ALIGN (0x4)
                0x0000000020000000                _sdata = .
 *(.data)
 *(.data*)
 .data.SystemCoreClock
                0x0000000020000000        0x4 ./Core/Src/system_stm32l4xx.o
                0x0000000020000000                SystemCoreClock
 .data.uwTickPrio
                0x0000000020000004        0x4 ./Drivers/STM32L4xx_HAL_Driver/Src/stm32l4xx_hal.o
                0x0000000020000004                uwTickPrio
 .data.uwTickFreq
                0x0000000020000008        0x1 ./Drivers/STM32L4xx_HAL_Driver/Src/stm32l4xx_hal.o
                0x0000000020000008                uwTickFreq
 *fill*         0x0000000020000009        0x3 
 .data.s_event_sub_handler
                0x000000002000000c       0x50 ./EventDriven/event_driven.o
                0x000000002000000c                s_event_sub_handler
 .data.a_elster_hand1
                0x000000002000005c        0x5 ./meter/elster.o
 *fill*         0x0000000020000061        0x3 
 .data.a_elster_hand2
                0x0000000020000064        0x6 ./meter/elster.o
 *fill*         0x000000002000006a        0x2 
 .data.a_elster_response
                0x000000002000006c        0x2 ./meter/elster.o
 *fill*         0x000000002000006e        0x2 
 .data.a_elster_hand_block
                0x0000000020000070        0x2 ./meter/elster.o
 *fill*         0x0000000020000072        0x2 
 .data.s_event_meter_handler
                0x0000000020000074       0x50 ./meter/elster.o
                0x0000000020000074                s_event_meter_handler
 .data.cmdGelexBlock
                0x00000000200000c4       0x90 ./meter/elster.o
                0x00000000200000c4                cmdGelexBlock
 .data.QueueSimStep
                0x0000000020000154        0x8 ./queue/queue_p.o
                0x0000000020000154                QueueSimStep
 .data.QueueMeterCmd
                0x000000002000015c        0x8 ./queue/queue_p.o
                0x000000002000015c                QueueMeterCmd
 .data.QueueMeterMessage
                0x0000000020000164        0x8 ./queue/queue_p.o
                0x0000000020000164                QueueMeterMessage
 .data.aSimStepBlockConnect
                0x000000002000016c       0x15 ./sim_module/sim_command.o
 *fill*         0x0000000020000181        0x3 
 .data.s_event_sim_handler
                0x0000000020000184       0x50 ./sim_module/sim_command.o
                0x0000000020000184                s_event_sim_handler
 .data.aSimStep
                0x00000000200001d4      0x1b8 ./sim_module/sim_command.o
                0x00000000200001d4                aSimStep
 *(.RamFunc)
 *(.RamFunc*)
                0x000000002000038c                . = ALIGN (0x4)
                0x000000002000038c                _edata = .

.igot.plt       0x000000002000038c        0x0 load address 0x00000000080067d8
 .igot.plt      0x000000002000038c        0x0 c:/st/stm32cubeide_1.4.0/stm32cubeide/plugins/com.st.stm32cube.ide.mcu.externaltools.gnu-tools-for-stm32.9-2020-q2-update.win32_2.0.0.202105311346/tools/bin/../lib/gcc/arm-none-eabi/9.3.1/thumb/v7e-m+fp/hard/crtbegin.o
                0x000000002000038c                . = ALIGN (0x4)

.bss            0x000000002000038c      0x438 load address 0x00000000080067d8
                0x000000002000038c                _sbss = .
                0x000000002000038c                __bss_start__ = _sbss
 *(.bss)
 .bss           0x000000002000038c       0x1c c:/st/stm32cubeide_1.4.0/stm32cubeide/plugins/com.st.stm32cube.ide.mcu.externaltools.gnu-tools-for-stm32.9-2020-q2-update.win32_2.0.0.202105311346/tools/bin/../lib/gcc/arm-none-eabi/9.3.1/thumb/v7e-m+fp/hard/crtbegin.o
 *(.bss*)
 .bss.sUartDebug
                0x00000000200003a8        0x8 ./EventDriven/event_driven.o
 .bss.uartDebugBuff
                0x00000000200003b0       0x64 ./EventDriven/event_driven.o
                0x00000000200003b0                uartDebugBuff
 .bss.aQueueSimStep
                0x0000000020000414       0x1e ./queue/queue_p.o
 *fill*         0x0000000020000432        0x2 
 .bss.aQueueMeterCmd
                0x0000000020000434       0x1e ./queue/queue_p.o
 *fill*         0x0000000020000452        0x2 
 .bss.aQueueMeterMessage
                0x0000000020000454       0x1e ./queue/queue_p.o
 *fill*         0x0000000020000472        0x2 
 .bss.uartSimBuffReceive
                0x0000000020000474       0x64 ./sim_module/sim_command.o
 .bss.rx_buff   0x00000000200004d8        0x1 ./sim_module/sim_command.o
 *fill*         0x00000000200004d9        0x3 
 .bss.sUartSim  0x00000000200004dc        0x8 ./sim_module/sim_command.o
 .bss.numRetry  0x00000000200004e4        0x1 ./sim_module/sim_command.o
 .bss.OnStep.10500
                0x00000000200004e5        0x1 ./sim_module/sim_command.o
 *(COMMON)
 *fill*         0x00000000200004e6        0x2 
 COMMON         0x00000000200004e8       0x68 ./Core/Src/adc.o
                0x00000000200004e8                hadc1
 COMMON         0x0000000020000550       0x10 ./Core/Src/iwdg.o
                0x0000000020000550                hiwdg
 COMMON         0x0000000020000560       0x24 ./Core/Src/rtc.o
                0x0000000020000560                hrtc
 COMMON         0x0000000020000584       0x64 ./Core/Src/spi.o
                0x0000000020000584                hspi1
 COMMON         0x00000000200005e8       0x4c ./Core/Src/stm32l4xx_hal_timebase_tim.o
                0x00000000200005e8                htim1
 COMMON         0x0000000020000634      0x18c ./Core/Src/usart.o
                0x0000000020000634                huart3
                0x00000000200006b8                huart1
                0x000000002000073c                huart4
 COMMON         0x00000000200007c0        0x4 ./Drivers/STM32L4xx_HAL_Driver/Src/stm32l4xx_hal.o
                0x00000000200007c0                uwTick
                0x00000000200007c4                . = ALIGN (0x4)
                0x00000000200007c4                _ebss = .
                0x00000000200007c4                __bss_end__ = _ebss

._user_heap_stack
                0x00000000200007c4      0x604 load address 0x00000000080067d8
                0x00000000200007c8                . = ALIGN (0x8)
 *fill*         0x00000000200007c4        0x4 
                [!provide]                        PROVIDE (end = .)
                0x00000000200007c8                PROVIDE (_end = .)
                0x00000000200009c8                . = (. + _Min_Heap_Size)
 *fill*         0x00000000200007c8      0x200 
                0x0000000020000dc8                . = (. + _Min_Stack_Size)
 *fill*         0x00000000200009c8      0x400 
                0x0000000020000dc8                . = ALIGN (0x8)

/DISCARD/
 libc.a(*)
 libm.a(*)
 libgcc.a(*)

.ARM.attributes
                0x0000000000000000       0x30
 *(.ARM.attributes)
 .ARM.attributes
                0x0000000000000000       0x1e c:/st/stm32cubeide_1.4.0/stm32cubeide/plugins/com.st.stm32cube.ide.mcu.externaltools.gnu-tools-for-stm32.9-2020-q2-update.win32_2.0.0.202105311346/tools/bin/../lib/gcc/arm-none-eabi/9.3.1/thumb/v7e-m+fp/hard/crti.o
 .ARM.attributes
                0x000000000000001e       0x34 c:/st/stm32cubeide_1.4.0/stm32cubeide/plugins/com.st.stm32cube.ide.mcu.externaltools.gnu-tools-for-stm32.9-2020-q2-update.win32_2.0.0.202105311346/tools/bin/../lib/gcc/arm-none-eabi/9.3.1/thumb/v7e-m+fp/hard/crtbegin.o
 .ARM.attributes
                0x0000000000000052       0x34 ./App/main_app.o
 .ARM.attributes
                0x0000000000000086       0x34 ./Core/Src/adc.o
 .ARM.attributes
                0x00000000000000ba       0x34 ./Core/Src/gpio.o
 .ARM.attributes
                0x00000000000000ee       0x34 ./Core/Src/iwdg.o
 .ARM.attributes
                0x0000000000000122       0x34 ./Core/Src/main.o
 .ARM.attributes
                0x0000000000000156       0x34 ./Core/Src/rtc.o
 .ARM.attributes
                0x000000000000018a       0x34 ./Core/Src/spi.o
 .ARM.attributes
                0x00000000000001be       0x34 ./Core/Src/stm32l4xx_hal_msp.o
 .ARM.attributes
                0x00000000000001f2       0x34 ./Core/Src/stm32l4xx_hal_timebase_tim.o
 .ARM.attributes
                0x0000000000000226       0x34 ./Core/Src/stm32l4xx_it.o
 .ARM.attributes
                0x000000000000025a       0x34 ./Core/Src/system_stm32l4xx.o
 .ARM.attributes
                0x000000000000028e       0x34 ./Core/Src/usart.o
 .ARM.attributes
                0x00000000000002c2       0x21 ./Core/Startup/startup_stm32l452rctx.o
 .ARM.attributes
                0x00000000000002e3       0x34 ./Drivers/STM32L4xx_HAL_Driver/Src/stm32l4xx_hal.o
 .ARM.attributes
                0x0000000000000317       0x34 ./Drivers/STM32L4xx_HAL_Driver/Src/stm32l4xx_hal_adc.o
 .ARM.attributes
                0x000000000000034b       0x34 ./Drivers/STM32L4xx_HAL_Driver/Src/stm32l4xx_hal_cortex.o
 .ARM.attributes
                0x000000000000037f       0x34 ./Drivers/STM32L4xx_HAL_Driver/Src/stm32l4xx_hal_dma.o
 .ARM.attributes
                0x00000000000003b3       0x34 ./Drivers/STM32L4xx_HAL_Driver/Src/stm32l4xx_hal_gpio.o
 .ARM.attributes
                0x00000000000003e7       0x34 ./Drivers/STM32L4xx_HAL_Driver/Src/stm32l4xx_hal_iwdg.o
 .ARM.attributes
                0x000000000000041b       0x34 ./Drivers/STM32L4xx_HAL_Driver/Src/stm32l4xx_hal_pwr.o
 .ARM.attributes
                0x000000000000044f       0x34 ./Drivers/STM32L4xx_HAL_Driver/Src/stm32l4xx_hal_pwr_ex.o
 .ARM.attributes
                0x0000000000000483       0x34 ./Drivers/STM32L4xx_HAL_Driver/Src/stm32l4xx_hal_rcc.o
 .ARM.attributes
                0x00000000000004b7       0x34 ./Drivers/STM32L4xx_HAL_Driver/Src/stm32l4xx_hal_rcc_ex.o
 .ARM.attributes
                0x00000000000004eb       0x34 ./Drivers/STM32L4xx_HAL_Driver/Src/stm32l4xx_hal_rtc.o
 .ARM.attributes
                0x000000000000051f       0x34 ./Drivers/STM32L4xx_HAL_Driver/Src/stm32l4xx_hal_spi.o
 .ARM.attributes
                0x0000000000000553       0x34 ./Drivers/STM32L4xx_HAL_Driver/Src/stm32l4xx_hal_tim.o
 .ARM.attributes
                0x0000000000000587       0x34 ./Drivers/STM32L4xx_HAL_Driver/Src/stm32l4xx_hal_tim_ex.o
 .ARM.attributes
                0x00000000000005bb       0x34 ./Drivers/STM32L4xx_HAL_Driver/Src/stm32l4xx_hal_uart.o
 .ARM.attributes
                0x00000000000005ef       0x34 ./Drivers/STM32L4xx_HAL_Driver/Src/stm32l4xx_hal_uart_ex.o
 .ARM.attributes
                0x0000000000000623       0x34 ./EventDriven/event_driven.o
 .ARM.attributes
                0x0000000000000657       0x34 ./meter/elster.o
 .ARM.attributes
                0x000000000000068b       0x34 ./queue/queue_p.o
 .ARM.attributes
                0x00000000000006bf       0x34 ./sim_module/sim_command.o
 .ARM.attributes
                0x00000000000006f3       0x34 c:/st/stm32cubeide_1.4.0/stm32cubeide/plugins/com.st.stm32cube.ide.mcu.externaltools.gnu-tools-for-stm32.9-2020-q2-update.win32_2.0.0.202105311346/tools/bin/../lib/gcc/arm-none-eabi/9.3.1/../../../../arm-none-eabi/lib/thumb/v7e-m+fp/hard\libc_nano.a(lib_a-init.o)
 .ARM.attributes
                0x0000000000000727       0x34 c:/st/stm32cubeide_1.4.0/stm32cubeide/plugins/com.st.stm32cube.ide.mcu.externaltools.gnu-tools-for-stm32.9-2020-q2-update.win32_2.0.0.202105311346/tools/bin/../lib/gcc/arm-none-eabi/9.3.1/../../../../arm-none-eabi/lib/thumb/v7e-m+fp/hard\libc_nano.a(lib_a-memcpy-stub.o)
 .ARM.attributes
                0x000000000000075b       0x34 c:/st/stm32cubeide_1.4.0/stm32cubeide/plugins/com.st.stm32cube.ide.mcu.externaltools.gnu-tools-for-stm32.9-2020-q2-update.win32_2.0.0.202105311346/tools/bin/../lib/gcc/arm-none-eabi/9.3.1/../../../../arm-none-eabi/lib/thumb/v7e-m+fp/hard\libc_nano.a(lib_a-memset.o)
 .ARM.attributes
                0x000000000000078f       0x17 c:/st/stm32cubeide_1.4.0/stm32cubeide/plugins/com.st.stm32cube.ide.mcu.externaltools.gnu-tools-for-stm32.9-2020-q2-update.win32_2.0.0.202105311346/tools/bin/../lib/gcc/arm-none-eabi/9.3.1/../../../../arm-none-eabi/lib/thumb/v7e-m+fp/hard\libc_nano.a(lib_a-strlen.o)
 .ARM.attributes
                0x00000000000007a6       0x34 c:/st/stm32cubeide_1.4.0/stm32cubeide/plugins/com.st.stm32cube.ide.mcu.externaltools.gnu-tools-for-stm32.9-2020-q2-update.win32_2.0.0.202105311346/tools/bin/../lib/gcc/arm-none-eabi/9.3.1/../../../../arm-none-eabi/lib/thumb/v7e-m+fp/hard\libc_nano.a(lib_a-strstr.o)
 .ARM.attributes
                0x00000000000007da       0x1e c:/st/stm32cubeide_1.4.0/stm32cubeide/plugins/com.st.stm32cube.ide.mcu.externaltools.gnu-tools-for-stm32.9-2020-q2-update.win32_2.0.0.202105311346/tools/bin/../lib/gcc/arm-none-eabi/9.3.1/thumb/v7e-m+fp/hard\libgcc.a(_aeabi_uldivmod.o)
 .ARM.attributes
                0x00000000000007f8       0x34 c:/st/stm32cubeide_1.4.0/stm32cubeide/plugins/com.st.stm32cube.ide.mcu.externaltools.gnu-tools-for-stm32.9-2020-q2-update.win32_2.0.0.202105311346/tools/bin/../lib/gcc/arm-none-eabi/9.3.1/thumb/v7e-m+fp/hard\libgcc.a(_udivmoddi4.o)
 .ARM.attributes
                0x000000000000082c       0x1e c:/st/stm32cubeide_1.4.0/stm32cubeide/plugins/com.st.stm32cube.ide.mcu.externaltools.gnu-tools-for-stm32.9-2020-q2-update.win32_2.0.0.202105311346/tools/bin/../lib/gcc/arm-none-eabi/9.3.1/thumb/v7e-m+fp/hard\libgcc.a(_dvmd_tls.o)
 .ARM.attributes
                0x000000000000084a       0x1e c:/st/stm32cubeide_1.4.0/stm32cubeide/plugins/com.st.stm32cube.ide.mcu.externaltools.gnu-tools-for-stm32.9-2020-q2-update.win32_2.0.0.202105311346/tools/bin/../lib/gcc/arm-none-eabi/9.3.1/thumb/v7e-m+fp/hard/crtn.o
OUTPUT(DCU_HCM_L4V2.elf elf32-littlearm)
LOAD linker stubs
LOAD c:/st/stm32cubeide_1.4.0/stm32cubeide/plugins/com.st.stm32cube.ide.mcu.externaltools.gnu-tools-for-stm32.9-2020-q2-update.win32_2.0.0.202105311346/tools/bin/../lib/gcc/arm-none-eabi/9.3.1/../../../../arm-none-eabi/lib/thumb/v7e-m+fp/hard\libc.a
LOAD c:/st/stm32cubeide_1.4.0/stm32cubeide/plugins/com.st.stm32cube.ide.mcu.externaltools.gnu-tools-for-stm32.9-2020-q2-update.win32_2.0.0.202105311346/tools/bin/../lib/gcc/arm-none-eabi/9.3.1/../../../../arm-none-eabi/lib/thumb/v7e-m+fp/hard\libm.a
LOAD c:/st/stm32cubeide_1.4.0/stm32cubeide/plugins/com.st.stm32cube.ide.mcu.externaltools.gnu-tools-for-stm32.9-2020-q2-update.win32_2.0.0.202105311346/tools/bin/../lib/gcc/arm-none-eabi/9.3.1/thumb/v7e-m+fp/hard\libgcc.a

.debug_info     0x0000000000000000    0x1e82e
 .debug_info    0x0000000000000000      0x946 ./App/main_app.o
 .debug_info    0x0000000000000946      0xf76 ./Core/Src/adc.o
 .debug_info    0x00000000000018bc      0x6d0 ./Core/Src/gpio.o
 .debug_info    0x0000000000001f8c      0x3f2 ./Core/Src/iwdg.o
 .debug_info    0x000000000000237e     0x1c4a ./Core/Src/main.o
 .debug_info    0x0000000000003fc8      0xb46 ./Core/Src/rtc.o
 .debug_info    0x0000000000004b0e      0xbde ./Core/Src/spi.o
 .debug_info    0x00000000000056ec      0x561 ./Core/Src/stm32l4xx_hal_msp.o
 .debug_info    0x0000000000005c4d      0xdfd ./Core/Src/stm32l4xx_hal_timebase_tim.o
 .debug_info    0x0000000000006a4a      0xd28 ./Core/Src/stm32l4xx_it.o
 .debug_info    0x0000000000007772      0x795 ./Core/Src/system_stm32l4xx.o
 .debug_info    0x0000000000007f07     0x10f6 ./Core/Src/usart.o
 .debug_info    0x0000000000008ffd       0x22 ./Core/Startup/startup_stm32l452rctx.o
 .debug_info    0x000000000000901f      0xc8d ./Drivers/STM32L4xx_HAL_Driver/Src/stm32l4xx_hal.o
 .debug_info    0x0000000000009cac     0x1ef0 ./Drivers/STM32L4xx_HAL_Driver/Src/stm32l4xx_hal_adc.o
 .debug_info    0x000000000000bb9c      0xfe6 ./Drivers/STM32L4xx_HAL_Driver/Src/stm32l4xx_hal_cortex.o
 .debug_info    0x000000000000cb82      0x973 ./Drivers/STM32L4xx_HAL_Driver/Src/stm32l4xx_hal_dma.o
 .debug_info    0x000000000000d4f5      0xa6d ./Drivers/STM32L4xx_HAL_Driver/Src/stm32l4xx_hal_gpio.o
 .debug_info    0x000000000000df62      0x437 ./Drivers/STM32L4xx_HAL_Driver/Src/stm32l4xx_hal_iwdg.o
 .debug_info    0x000000000000e399      0xb55 ./Drivers/STM32L4xx_HAL_Driver/Src/stm32l4xx_hal_pwr.o
 .debug_info    0x000000000000eeee      0xb7b ./Drivers/STM32L4xx_HAL_Driver/Src/stm32l4xx_hal_pwr_ex.o
 .debug_info    0x000000000000fa69      0xdc3 ./Drivers/STM32L4xx_HAL_Driver/Src/stm32l4xx_hal_rcc.o
 .debug_info    0x000000000001082c     0x1157 ./Drivers/STM32L4xx_HAL_Driver/Src/stm32l4xx_hal_rcc_ex.o
 .debug_info    0x0000000000011983     0x1085 ./Drivers/STM32L4xx_HAL_Driver/Src/stm32l4xx_hal_rtc.o
 .debug_info    0x0000000000012a08     0x18f8 ./Drivers/STM32L4xx_HAL_Driver/Src/stm32l4xx_hal_spi.o
 .debug_info    0x0000000000014300     0x2cb9 ./Drivers/STM32L4xx_HAL_Driver/Src/stm32l4xx_hal_tim.o
 .debug_info    0x0000000000016fb9     0x1813 ./Drivers/STM32L4xx_HAL_Driver/Src/stm32l4xx_hal_tim_ex.o
 .debug_info    0x00000000000187cc     0x1adf ./Drivers/STM32L4xx_HAL_Driver/Src/stm32l4xx_hal_uart.o
 .debug_info    0x000000000001a2ab      0xc67 ./Drivers/STM32L4xx_HAL_Driver/Src/stm32l4xx_hal_uart_ex.o
 .debug_info    0x000000000001af12      0xea5 ./EventDriven/event_driven.o
 .debug_info    0x000000000001bdb7      0xef5 ./meter/elster.o
 .debug_info    0x000000000001ccac      0x238 ./queue/queue_p.o
 .debug_info    0x000000000001cee4     0x194a ./sim_module/sim_command.o

.debug_abbrev   0x0000000000000000     0x3de8
 .debug_abbrev  0x0000000000000000      0x171 ./App/main_app.o
 .debug_abbrev  0x0000000000000171      0x1bb ./Core/Src/adc.o
 .debug_abbrev  0x000000000000032c      0x14e ./Core/Src/gpio.o
 .debug_abbrev  0x000000000000047a      0x130 ./Core/Src/iwdg.o
 .debug_abbrev  0x00000000000005aa      0x1eb ./Core/Src/main.o
 .debug_abbrev  0x0000000000000795      0x18a ./Core/Src/rtc.o
 .debug_abbrev  0x000000000000091f      0x1bb ./Core/Src/spi.o
 .debug_abbrev  0x0000000000000ada      0x13d ./Core/Src/stm32l4xx_hal_msp.o
 .debug_abbrev  0x0000000000000c17      0x1bf ./Core/Src/stm32l4xx_hal_timebase_tim.o
 .debug_abbrev  0x0000000000000dd6      0x176 ./Core/Src/stm32l4xx_it.o
 .debug_abbrev  0x0000000000000f4c      0x165 ./Core/Src/system_stm32l4xx.o
 .debug_abbrev  0x00000000000010b1      0x1c4 ./Core/Src/usart.o
 .debug_abbrev  0x0000000000001275       0x12 ./Core/Startup/startup_stm32l452rctx.o
 .debug_abbrev  0x0000000000001287      0x227 ./Drivers/STM32L4xx_HAL_Driver/Src/stm32l4xx_hal.o
 .debug_abbrev  0x00000000000014ae      0x288 ./Drivers/STM32L4xx_HAL_Driver/Src/stm32l4xx_hal_adc.o
 .debug_abbrev  0x0000000000001736      0x33c ./Drivers/STM32L4xx_HAL_Driver/Src/stm32l4xx_hal_cortex.o
 .debug_abbrev  0x0000000000001a72      0x201 ./Drivers/STM32L4xx_HAL_Driver/Src/stm32l4xx_hal_dma.o
 .debug_abbrev  0x0000000000001c73      0x1e8 ./Drivers/STM32L4xx_HAL_Driver/Src/stm32l4xx_hal_gpio.o
 .debug_abbrev  0x0000000000001e5b      0x163 ./Drivers/STM32L4xx_HAL_Driver/Src/stm32l4xx_hal_iwdg.o
 .debug_abbrev  0x0000000000001fbe      0x1ab ./Drivers/STM32L4xx_HAL_Driver/Src/stm32l4xx_hal_pwr.o
 .debug_abbrev  0x0000000000002169      0x1f3 ./Drivers/STM32L4xx_HAL_Driver/Src/stm32l4xx_hal_pwr_ex.o
 .debug_abbrev  0x000000000000235c      0x275 ./Drivers/STM32L4xx_HAL_Driver/Src/stm32l4xx_hal_rcc.o
 .debug_abbrev  0x00000000000025d1      0x268 ./Drivers/STM32L4xx_HAL_Driver/Src/stm32l4xx_hal_rcc_ex.o
 .debug_abbrev  0x0000000000002839      0x200 ./Drivers/STM32L4xx_HAL_Driver/Src/stm32l4xx_hal_rtc.o
 .debug_abbrev  0x0000000000002a39      0x254 ./Drivers/STM32L4xx_HAL_Driver/Src/stm32l4xx_hal_spi.o
 .debug_abbrev  0x0000000000002c8d      0x25e ./Drivers/STM32L4xx_HAL_Driver/Src/stm32l4xx_hal_tim.o
 .debug_abbrev  0x0000000000002eeb      0x266 ./Drivers/STM32L4xx_HAL_Driver/Src/stm32l4xx_hal_tim_ex.o
 .debug_abbrev  0x0000000000003151      0x23f ./Drivers/STM32L4xx_HAL_Driver/Src/stm32l4xx_hal_uart.o
 .debug_abbrev  0x0000000000003390      0x20a ./Drivers/STM32L4xx_HAL_Driver/Src/stm32l4xx_hal_uart_ex.o
 .debug_abbrev  0x000000000000359a      0x22b ./EventDriven/event_driven.o
 .debug_abbrev  0x00000000000037c5      0x206 ./meter/elster.o
 .debug_abbrev  0x00000000000039cb       0xe6 ./queue/queue_p.o
 .debug_abbrev  0x0000000000003ab1      0x337 ./sim_module/sim_command.o

.debug_aranges  0x0000000000000000     0x17c8
 .debug_aranges
                0x0000000000000000       0x28 ./App/main_app.o
 .debug_aranges
                0x0000000000000028       0x30 ./Core/Src/adc.o
 .debug_aranges
                0x0000000000000058       0x20 ./Core/Src/gpio.o
 .debug_aranges
                0x0000000000000078       0x20 ./Core/Src/iwdg.o
 .debug_aranges
                0x0000000000000098       0x38 ./Core/Src/main.o
 .debug_aranges
                0x00000000000000d0       0x30 ./Core/Src/rtc.o
 .debug_aranges
                0x0000000000000100       0x30 ./Core/Src/spi.o
 .debug_aranges
                0x0000000000000130       0x20 ./Core/Src/stm32l4xx_hal_msp.o
 .debug_aranges
                0x0000000000000150       0x30 ./Core/Src/stm32l4xx_hal_timebase_tim.o
 .debug_aranges
                0x0000000000000180       0x80 ./Core/Src/stm32l4xx_it.o
 .debug_aranges
                0x0000000000000200       0x28 ./Core/Src/system_stm32l4xx.o
 .debug_aranges
                0x0000000000000228       0x40 ./Core/Src/usart.o
 .debug_aranges
                0x0000000000000268       0x28 ./Core/Startup/startup_stm32l452rctx.o
 .debug_aranges
                0x0000000000000290      0x130 ./Drivers/STM32L4xx_HAL_Driver/Src/stm32l4xx_hal.o
 .debug_aranges
                0x00000000000003c0      0x218 ./Drivers/STM32L4xx_HAL_Driver/Src/stm32l4xx_hal_adc.o
 .debug_aranges
                0x00000000000005d8      0x118 ./Drivers/STM32L4xx_HAL_Driver/Src/stm32l4xx_hal_cortex.o
 .debug_aranges
                0x00000000000006f0       0x80 ./Drivers/STM32L4xx_HAL_Driver/Src/stm32l4xx_hal_dma.o
 .debug_aranges
                0x0000000000000770       0x58 ./Drivers/STM32L4xx_HAL_Driver/Src/stm32l4xx_hal_gpio.o
 .debug_aranges
                0x00000000000007c8       0x28 ./Drivers/STM32L4xx_HAL_Driver/Src/stm32l4xx_hal_iwdg.o
 .debug_aranges
                0x00000000000007f0       0x98 ./Drivers/STM32L4xx_HAL_Driver/Src/stm32l4xx_hal_pwr.o
 .debug_aranges
                0x0000000000000888      0x128 ./Drivers/STM32L4xx_HAL_Driver/Src/stm32l4xx_hal_pwr_ex.o
 .debug_aranges
                0x00000000000009b0       0x88 ./Drivers/STM32L4xx_HAL_Driver/Src/stm32l4xx_hal_rcc.o
 .debug_aranges
                0x0000000000000a38       0xf0 ./Drivers/STM32L4xx_HAL_Driver/Src/stm32l4xx_hal_rcc_ex.o
 .debug_aranges
                0x0000000000000b28       0xe8 ./Drivers/STM32L4xx_HAL_Driver/Src/stm32l4xx_hal_rtc.o
 .debug_aranges
                0x0000000000000c10      0x1d8 ./Drivers/STM32L4xx_HAL_Driver/Src/stm32l4xx_hal_spi.o
 .debug_aranges
                0x0000000000000de8      0x3e0 ./Drivers/STM32L4xx_HAL_Driver/Src/stm32l4xx_hal_tim.o
 .debug_aranges
                0x00000000000011c8      0x180 ./Drivers/STM32L4xx_HAL_Driver/Src/stm32l4xx_hal_tim_ex.o
 .debug_aranges
                0x0000000000001348      0x228 ./Drivers/STM32L4xx_HAL_Driver/Src/stm32l4xx_hal_uart.o
 .debug_aranges
                0x0000000000001570       0x78 ./Drivers/STM32L4xx_HAL_Driver/Src/stm32l4xx_hal_uart_ex.o
 .debug_aranges
                0x00000000000015e8       0x70 ./EventDriven/event_driven.o
 .debug_aranges
                0x0000000000001658       0x88 ./meter/elster.o
 .debug_aranges
                0x00000000000016e0       0x38 ./queue/queue_p.o
 .debug_aranges
                0x0000000000001718       0xb0 ./sim_module/sim_command.o

.debug_ranges   0x0000000000000000     0x15f0
 .debug_ranges  0x0000000000000000       0x18 ./App/main_app.o
 .debug_ranges  0x0000000000000018       0x20 ./Core/Src/adc.o
 .debug_ranges  0x0000000000000038       0x10 ./Core/Src/gpio.o
 .debug_ranges  0x0000000000000048       0x10 ./Core/Src/iwdg.o
 .debug_ranges  0x0000000000000058       0x28 ./Core/Src/main.o
 .debug_ranges  0x0000000000000080       0x20 ./Core/Src/rtc.o
 .debug_ranges  0x00000000000000a0       0x20 ./Core/Src/spi.o
 .debug_ranges  0x00000000000000c0       0x10 ./Core/Src/stm32l4xx_hal_msp.o
 .debug_ranges  0x00000000000000d0       0x20 ./Core/Src/stm32l4xx_hal_timebase_tim.o
 .debug_ranges  0x00000000000000f0       0x70 ./Core/Src/stm32l4xx_it.o
 .debug_ranges  0x0000000000000160       0x18 ./Core/Src/system_stm32l4xx.o
 .debug_ranges  0x0000000000000178       0x30 ./Core/Src/usart.o
 .debug_ranges  0x00000000000001a8       0x20 ./Core/Startup/startup_stm32l452rctx.o
 .debug_ranges  0x00000000000001c8      0x120 ./Drivers/STM32L4xx_HAL_Driver/Src/stm32l4xx_hal.o
 .debug_ranges  0x00000000000002e8      0x208 ./Drivers/STM32L4xx_HAL_Driver/Src/stm32l4xx_hal_adc.o
 .debug_ranges  0x00000000000004f0      0x108 ./Drivers/STM32L4xx_HAL_Driver/Src/stm32l4xx_hal_cortex.o
 .debug_ranges  0x00000000000005f8       0x70 ./Drivers/STM32L4xx_HAL_Driver/Src/stm32l4xx_hal_dma.o
 .debug_ranges  0x0000000000000668       0x48 ./Drivers/STM32L4xx_HAL_Driver/Src/stm32l4xx_hal_gpio.o
 .debug_ranges  0x00000000000006b0       0x18 ./Drivers/STM32L4xx_HAL_Driver/Src/stm32l4xx_hal_iwdg.o
 .debug_ranges  0x00000000000006c8       0x88 ./Drivers/STM32L4xx_HAL_Driver/Src/stm32l4xx_hal_pwr.o
 .debug_ranges  0x0000000000000750      0x118 ./Drivers/STM32L4xx_HAL_Driver/Src/stm32l4xx_hal_pwr_ex.o
 .debug_ranges  0x0000000000000868       0x78 ./Drivers/STM32L4xx_HAL_Driver/Src/stm32l4xx_hal_rcc.o
 .debug_ranges  0x00000000000008e0       0xe0 ./Drivers/STM32L4xx_HAL_Driver/Src/stm32l4xx_hal_rcc_ex.o
 .debug_ranges  0x00000000000009c0       0xd8 ./Drivers/STM32L4xx_HAL_Driver/Src/stm32l4xx_hal_rtc.o
 .debug_ranges  0x0000000000000a98      0x1c8 ./Drivers/STM32L4xx_HAL_Driver/Src/stm32l4xx_hal_spi.o
 .debug_ranges  0x0000000000000c60      0x3d0 ./Drivers/STM32L4xx_HAL_Driver/Src/stm32l4xx_hal_tim.o
 .debug_ranges  0x0000000000001030      0x170 ./Drivers/STM32L4xx_HAL_Driver/Src/stm32l4xx_hal_tim_ex.o
 .debug_ranges  0x00000000000011a0      0x248 ./Drivers/STM32L4xx_HAL_Driver/Src/stm32l4xx_hal_uart.o
 .debug_ranges  0x00000000000013e8       0x68 ./Drivers/STM32L4xx_HAL_Driver/Src/stm32l4xx_hal_uart_ex.o
 .debug_ranges  0x0000000000001450       0x60 ./EventDriven/event_driven.o
 .debug_ranges  0x00000000000014b0       0x78 ./meter/elster.o
 .debug_ranges  0x0000000000001528       0x28 ./queue/queue_p.o
 .debug_ranges  0x0000000000001550       0xa0 ./sim_module/sim_command.o

.debug_macro    0x0000000000000000    0x27732
 .debug_macro   0x0000000000000000      0x279 ./App/main_app.o
 .debug_macro   0x0000000000000279      0xaa8 ./App/main_app.o
 .debug_macro   0x0000000000000d21       0x22 ./App/main_app.o
 .debug_macro   0x0000000000000d43       0x8e ./App/main_app.o
 .debug_macro   0x0000000000000dd1       0x51 ./App/main_app.o
 .debug_macro   0x0000000000000e22      0x103 ./App/main_app.o
 .debug_macro   0x0000000000000f25       0x6a ./App/main_app.o
 .debug_macro   0x0000000000000f8f      0x1df ./App/main_app.o
 .debug_macro   0x000000000000116e      0x1c5 ./App/main_app.o
 .debug_macro   0x0000000000001333       0x2e ./App/main_app.o
 .debug_macro   0x0000000000001361       0x28 ./App/main_app.o
 .debug_macro   0x0000000000001389       0x1c ./App/main_app.o
 .debug_macro   0x00000000000013a5       0x22 ./App/main_app.o
 .debug_macro   0x00000000000013c7      0x101 ./App/main_app.o
 .debug_macro   0x00000000000014c8     0x1011 ./App/main_app.o
 .debug_macro   0x00000000000024d9      0x11f ./App/main_app.o
 .debug_macro   0x00000000000025f8    0x1632f ./App/main_app.o
 .debug_macro   0x0000000000018927       0x43 ./App/main_app.o
 .debug_macro   0x000000000001896a     0x3897 ./App/main_app.o
 .debug_macro   0x000000000001c201      0x174 ./App/main_app.o
 .debug_macro   0x000000000001c375       0x5c ./App/main_app.o
 .debug_macro   0x000000000001c3d1     0x13bb ./App/main_app.o
 .debug_macro   0x000000000001d78c      0x63f ./App/main_app.o
 .debug_macro   0x000000000001ddcb      0x13d ./App/main_app.o
 .debug_macro   0x000000000001df08      0x168 ./App/main_app.o
 .debug_macro   0x000000000001e070      0x26b ./App/main_app.o
 .debug_macro   0x000000000001e2db      0x23d ./App/main_app.o
 .debug_macro   0x000000000001e518      0xdf4 ./App/main_app.o
 .debug_macro   0x000000000001f30c      0x624 ./App/main_app.o
 .debug_macro   0x000000000001f930      0x24f ./App/main_app.o
 .debug_macro   0x000000000001fb7f      0x241 ./App/main_app.o
 .debug_macro   0x000000000001fdc0      0x375 ./App/main_app.o
 .debug_macro   0x0000000000020135       0xd6 ./App/main_app.o
 .debug_macro   0x000000000002020b      0x22c ./App/main_app.o
 .debug_macro   0x0000000000020437       0x61 ./App/main_app.o
 .debug_macro   0x0000000000020498       0xa5 ./App/main_app.o
 .debug_macro   0x000000000002053d       0x85 ./App/main_app.o
 .debug_macro   0x00000000000205c2      0x122 ./App/main_app.o
 .debug_macro   0x00000000000206e4      0x365 ./App/main_app.o
 .debug_macro   0x0000000000020a49      0x31a ./App/main_app.o
 .debug_macro   0x0000000000020d63      0x4fb ./App/main_app.o
 .debug_macro   0x000000000002125e       0xe4 ./App/main_app.o
 .debug_macro   0x0000000000021342      0x2fe ./App/main_app.o
 .debug_macro   0x0000000000021640      0xa75 ./App/main_app.o
 .debug_macro   0x00000000000220b5      0x151 ./App/main_app.o
 .debug_macro   0x0000000000022206      0x5ba ./App/main_app.o
 .debug_macro   0x00000000000227c0       0x44 ./App/main_app.o
 .debug_macro   0x0000000000022804      0x2ec ./App/main_app.o
 .debug_macro   0x0000000000022af0      0x13c ./App/main_app.o
 .debug_macro   0x0000000000022c2c       0x40 ./App/main_app.o
 .debug_macro   0x0000000000022c6c       0x10 ./App/main_app.o
 .debug_macro   0x0000000000022c7c      0x24d ./Core/Src/adc.o
 .debug_macro   0x0000000000022ec9      0x24d ./Core/Src/gpio.o
 .debug_macro   0x0000000000023116      0x24d ./Core/Src/iwdg.o
 .debug_macro   0x0000000000023363      0x28d ./Core/Src/main.o
 .debug_macro   0x00000000000235f0      0x24d ./Core/Src/rtc.o
 .debug_macro   0x000000000002383d      0x24d ./Core/Src/spi.o
 .debug_macro   0x0000000000023a8a      0x243 ./Core/Src/stm32l4xx_hal_msp.o
 .debug_macro   0x0000000000023ccd      0x234 ./Core/Src/stm32l4xx_hal_timebase_tim.o
 .debug_macro   0x0000000000023f01      0x24d ./Core/Src/stm32l4xx_it.o
 .debug_macro   0x000000000002414e      0x234 ./Core/Src/system_stm32l4xx.o
 .debug_macro   0x0000000000024382      0x24d ./Core/Src/usart.o
 .debug_macro   0x00000000000245cf      0x282 ./Drivers/STM32L4xx_HAL_Driver/Src/stm32l4xx_hal.o
 .debug_macro   0x0000000000024851      0x251 ./Drivers/STM32L4xx_HAL_Driver/Src/stm32l4xx_hal_adc.o
 .debug_macro   0x0000000000024aa2      0x234 ./Drivers/STM32L4xx_HAL_Driver/Src/stm32l4xx_hal_cortex.o
 .debug_macro   0x0000000000024cd6      0x234 ./Drivers/STM32L4xx_HAL_Driver/Src/stm32l4xx_hal_dma.o
 .debug_macro   0x0000000000024f0a      0x273 ./Drivers/STM32L4xx_HAL_Driver/Src/stm32l4xx_hal_gpio.o
 .debug_macro   0x000000000002517d      0x23b ./Drivers/STM32L4xx_HAL_Driver/Src/stm32l4xx_hal_iwdg.o
 .debug_macro   0x00000000000253b8      0x24c ./Drivers/STM32L4xx_HAL_Driver/Src/stm32l4xx_hal_pwr.o
 .debug_macro   0x0000000000025604      0x258 ./Drivers/STM32L4xx_HAL_Driver/Src/stm32l4xx_hal_pwr_ex.o
 .debug_macro   0x000000000002585c      0x276 ./Drivers/STM32L4xx_HAL_Driver/Src/stm32l4xx_hal_rcc.o
 .debug_macro   0x0000000000025ad2      0x26a ./Drivers/STM32L4xx_HAL_Driver/Src/stm32l4xx_hal_rcc_ex.o
 .debug_macro   0x0000000000025d3c      0x235 ./Drivers/STM32L4xx_HAL_Driver/Src/stm32l4xx_hal_rtc.o
 .debug_macro   0x0000000000025f71      0x23c ./Drivers/STM32L4xx_HAL_Driver/Src/stm32l4xx_hal_spi.o
 .debug_macro   0x00000000000261ad      0x235 ./Drivers/STM32L4xx_HAL_Driver/Src/stm32l4xx_hal_tim.o
 .debug_macro   0x00000000000263e2      0x234 ./Drivers/STM32L4xx_HAL_Driver/Src/stm32l4xx_hal_tim_ex.o
 .debug_macro   0x0000000000026616      0x25f ./Drivers/STM32L4xx_HAL_Driver/Src/stm32l4xx_hal_uart.o
 .debug_macro   0x0000000000026875      0x234 ./Drivers/STM32L4xx_HAL_Driver/Src/stm32l4xx_hal_uart_ex.o
 .debug_macro   0x0000000000026aa9      0x28d ./EventDriven/event_driven.o
 .debug_macro   0x0000000000026d36      0x284 ./meter/elster.o
 .debug_macro   0x0000000000026fba       0x73 ./queue/queue_p.o
 .debug_macro   0x000000000002702d      0x350 ./sim_module/sim_command.o
 .debug_macro   0x000000000002737d       0x52 ./sim_module/sim_command.o
 .debug_macro   0x00000000000273cf      0x333 ./sim_module/sim_command.o
 .debug_macro   0x0000000000027702       0x10 ./sim_module/sim_command.o
 .debug_macro   0x0000000000027712       0x20 ./sim_module/sim_command.o

.debug_line     0x0000000000000000    0x1d008
 .debug_line    0x0000000000000000      0x8c1 ./App/main_app.o
 .debug_line    0x00000000000008c1      0x879 ./Core/Src/adc.o
 .debug_line    0x000000000000113a      0x863 ./Core/Src/gpio.o
 .debug_line    0x000000000000199d      0x7c7 ./Core/Src/iwdg.o
 .debug_line    0x0000000000002164      0x8da ./Core/Src/main.o
 .debug_line    0x0000000000002a3e      0x81e ./Core/Src/rtc.o
 .debug_line    0x000000000000325c      0x832 ./Core/Src/spi.o
 .debug_line    0x0000000000003a8e      0x7ba ./Core/Src/stm32l4xx_hal_msp.o
 .debug_line    0x0000000000004248      0x816 ./Core/Src/stm32l4xx_hal_timebase_tim.o
 .debug_line    0x0000000000004a5e      0x8d7 ./Core/Src/stm32l4xx_it.o
 .debug_line    0x0000000000005335      0x86a ./Core/Src/system_stm32l4xx.o
 .debug_line    0x0000000000005b9f      0x941 ./Core/Src/usart.o
 .debug_line    0x00000000000064e0       0x87 ./Core/Startup/startup_stm32l452rctx.o
 .debug_line    0x0000000000006567      0xba9 ./Drivers/STM32L4xx_HAL_Driver/Src/stm32l4xx_hal.o
 .debug_line    0x0000000000007110     0x1caa ./Drivers/STM32L4xx_HAL_Driver/Src/stm32l4xx_hal_adc.o
 .debug_line    0x0000000000008dba      0xd50 ./Drivers/STM32L4xx_HAL_Driver/Src/stm32l4xx_hal_cortex.o
 .debug_line    0x0000000000009b0a      0xd88 ./Drivers/STM32L4xx_HAL_Driver/Src/stm32l4xx_hal_dma.o
 .debug_line    0x000000000000a892      0xbcd ./Drivers/STM32L4xx_HAL_Driver/Src/stm32l4xx_hal_gpio.o
 .debug_line    0x000000000000b45f      0x836 ./Drivers/STM32L4xx_HAL_Driver/Src/stm32l4xx_hal_iwdg.o
 .debug_line    0x000000000000bc95      0x986 ./Drivers/STM32L4xx_HAL_Driver/Src/stm32l4xx_hal_pwr.o
 .debug_line    0x000000000000c61b      0xcb0 ./Drivers/STM32L4xx_HAL_Driver/Src/stm32l4xx_hal_pwr_ex.o
 .debug_line    0x000000000000d2cb     0x102f ./Drivers/STM32L4xx_HAL_Driver/Src/stm32l4xx_hal_rcc.o
 .debug_line    0x000000000000e2fa     0x149a ./Drivers/STM32L4xx_HAL_Driver/Src/stm32l4xx_hal_rcc_ex.o
 .debug_line    0x000000000000f794     0x11bd ./Drivers/STM32L4xx_HAL_Driver/Src/stm32l4xx_hal_rtc.o
 .debug_line    0x0000000000010951     0x1fd2 ./Drivers/STM32L4xx_HAL_Driver/Src/stm32l4xx_hal_spi.o
 .debug_line    0x0000000000012923     0x3b52 ./Drivers/STM32L4xx_HAL_Driver/Src/stm32l4xx_hal_tim.o
 .debug_line    0x0000000000016475     0x1bcf ./Drivers/STM32L4xx_HAL_Driver/Src/stm32l4xx_hal_tim_ex.o
 .debug_line    0x0000000000018044     0x1e16 ./Drivers/STM32L4xx_HAL_Driver/Src/stm32l4xx_hal_uart.o
 .debug_line    0x0000000000019e5a      0xb96 ./Drivers/STM32L4xx_HAL_Driver/Src/stm32l4xx_hal_uart_ex.o
 .debug_line    0x000000000001a9f0      0xa2a ./EventDriven/event_driven.o
 .debug_line    0x000000000001b41a      0xab9 ./meter/elster.o
 .debug_line    0x000000000001bed3      0x432 ./queue/queue_p.o
 .debug_line    0x000000000001c305      0xd03 ./sim_module/sim_command.o

.debug_str      0x0000000000000000    0xf3235
 .debug_str     0x0000000000000000    0xe8f2c ./App/main_app.o
                                      0xe949f (size before relaxing)
 .debug_str     0x00000000000e8f2c      0x651 ./Core/Src/adc.o
                                      0xe96d9 (size before relaxing)
 .debug_str     0x00000000000e957d       0x48 ./Core/Src/gpio.o
                                      0xe901f (size before relaxing)
 .debug_str     0x00000000000e95c5       0x6f ./Core/Src/iwdg.o
                                      0xe8eb0 (size before relaxing)
 .debug_str     0x00000000000e9634      0x807 ./Core/Src/main.o
                                      0xe9ef1 (size before relaxing)
 .debug_str     0x00000000000e9e3b       0x4a ./Core/Src/rtc.o
                                      0xe9411 (size before relaxing)
 .debug_str     0x00000000000e9e85       0x4b ./Core/Src/spi.o
                                      0xe93e5 (size before relaxing)
 .debug_str     0x00000000000e9ed0       0x2c ./Core/Src/stm32l4xx_hal_msp.o
                                      0xe8f82 (size before relaxing)
 .debug_str     0x00000000000e9efc      0x46f ./Core/Src/stm32l4xx_hal_timebase_tim.o
                                      0xe94b2 (size before relaxing)
 .debug_str     0x00000000000ea36b      0x10b ./Core/Src/stm32l4xx_it.o
                                      0xe9626 (size before relaxing)
 .debug_str     0x00000000000ea476       0xb8 ./Core/Src/system_stm32l4xx.o
                                      0xe8b34 (size before relaxing)
 .debug_str     0x00000000000ea52e       0x79 ./Core/Src/usart.o
                                      0xe9a88 (size before relaxing)
 .debug_str     0x00000000000ea5a7       0x36 ./Core/Startup/startup_stm32l452rctx.o
                                         0x69 (size before relaxing)
 .debug_str     0x00000000000ea5dd      0x565 ./Drivers/STM32L4xx_HAL_Driver/Src/stm32l4xx_hal.o
                                      0xe9594 (size before relaxing)
 .debug_str     0x00000000000eab42      0x9b4 ./Drivers/STM32L4xx_HAL_Driver/Src/stm32l4xx_hal_adc.o
                                      0xe9885 (size before relaxing)
 .debug_str     0x00000000000eb4f6      0x384 ./Drivers/STM32L4xx_HAL_Driver/Src/stm32l4xx_hal_cortex.o
                                      0xe92fa (size before relaxing)
 .debug_str     0x00000000000eb87a      0x253 ./Drivers/STM32L4xx_HAL_Driver/Src/stm32l4xx_hal_dma.o
                                      0xe8d9d (size before relaxing)
 .debug_str     0x00000000000ebacd      0x236 ./Drivers/STM32L4xx_HAL_Driver/Src/stm32l4xx_hal_gpio.o
                                      0xe8dc9 (size before relaxing)
 .debug_str     0x00000000000ebd03       0x96 ./Drivers/STM32L4xx_HAL_Driver/Src/stm32l4xx_hal_iwdg.o
                                      0xe8a63 (size before relaxing)
 .debug_str     0x00000000000ebd99      0x2cf ./Drivers/STM32L4xx_HAL_Driver/Src/stm32l4xx_hal_pwr.o
                                      0xe8e45 (size before relaxing)
 .debug_str     0x00000000000ec068      0x3ec ./Drivers/STM32L4xx_HAL_Driver/Src/stm32l4xx_hal_pwr_ex.o
                                      0xe8feb (size before relaxing)
 .debug_str     0x00000000000ec454      0x38b ./Drivers/STM32L4xx_HAL_Driver/Src/stm32l4xx_hal_rcc.o
                                      0xe90cb (size before relaxing)
 .debug_str     0x00000000000ec7df      0x527 ./Drivers/STM32L4xx_HAL_Driver/Src/stm32l4xx_hal_rcc_ex.o
                                      0xe93a7 (size before relaxing)
 .debug_str     0x00000000000ecd06      0x321 ./Drivers/STM32L4xx_HAL_Driver/Src/stm32l4xx_hal_rtc.o
                                      0xe8f98 (size before relaxing)
 .debug_str     0x00000000000ed027      0x585 ./Drivers/STM32L4xx_HAL_Driver/Src/stm32l4xx_hal_spi.o
                                      0xe92f8 (size before relaxing)
 .debug_str     0x00000000000ed5ac      0xe49 ./Drivers/STM32L4xx_HAL_Driver/Src/stm32l4xx_hal_tim.o
                                      0xe9dc6 (size before relaxing)
 .debug_str     0x00000000000ee3f5      0x64c ./Drivers/STM32L4xx_HAL_Driver/Src/stm32l4xx_hal_tim_ex.o
                                      0xe9698 (size before relaxing)
 .debug_str     0x00000000000eea41      0x88b ./Drivers/STM32L4xx_HAL_Driver/Src/stm32l4xx_hal_uart.o
                                      0xe9793 (size before relaxing)
 .debug_str     0x00000000000ef2cc      0x1dd ./Drivers/STM32L4xx_HAL_Driver/Src/stm32l4xx_hal_uart_ex.o
                                      0xe8f99 (size before relaxing)
 .debug_str     0x00000000000ef4a9      0x430 ./EventDriven/event_driven.o
                                      0xe994f (size before relaxing)
 .debug_str     0x00000000000ef8d9      0x3ab ./meter/elster.o
                                      0xe9aa5 (size before relaxing)
 .debug_str     0x00000000000efc84       0xa4 ./queue/queue_p.o
                                       0x3de1 (size before relaxing)
 .debug_str     0x00000000000efd28     0x350d ./sim_module/sim_command.o
                                      0xecd4e (size before relaxing)

.comment        0x0000000000000000       0x53
 .comment       0x0000000000000000       0x53 ./App/main_app.o
                                         0x54 (size before relaxing)
 .comment       0x0000000000000053       0x54 ./Core/Src/adc.o
 .comment       0x0000000000000053       0x54 ./Core/Src/gpio.o
 .comment       0x0000000000000053       0x54 ./Core/Src/iwdg.o
 .comment       0x0000000000000053       0x54 ./Core/Src/main.o
 .comment       0x0000000000000053       0x54 ./Core/Src/rtc.o
 .comment       0x0000000000000053       0x54 ./Core/Src/spi.o
 .comment       0x0000000000000053       0x54 ./Core/Src/stm32l4xx_hal_msp.o
 .comment       0x0000000000000053       0x54 ./Core/Src/stm32l4xx_hal_timebase_tim.o
 .comment       0x0000000000000053       0x54 ./Core/Src/stm32l4xx_it.o
 .comment       0x0000000000000053       0x54 ./Core/Src/system_stm32l4xx.o
 .comment       0x0000000000000053       0x54 ./Core/Src/usart.o
 .comment       0x0000000000000053       0x54 ./Drivers/STM32L4xx_HAL_Driver/Src/stm32l4xx_hal.o
 .comment       0x0000000000000053       0x54 ./Drivers/STM32L4xx_HAL_Driver/Src/stm32l4xx_hal_adc.o
 .comment       0x0000000000000053       0x54 ./Drivers/STM32L4xx_HAL_Driver/Src/stm32l4xx_hal_cortex.o
 .comment       0x0000000000000053       0x54 ./Drivers/STM32L4xx_HAL_Driver/Src/stm32l4xx_hal_dma.o
 .comment       0x0000000000000053       0x54 ./Drivers/STM32L4xx_HAL_Driver/Src/stm32l4xx_hal_gpio.o
 .comment       0x0000000000000053       0x54 ./Drivers/STM32L4xx_HAL_Driver/Src/stm32l4xx_hal_iwdg.o
 .comment       0x0000000000000053       0x54 ./Drivers/STM32L4xx_HAL_Driver/Src/stm32l4xx_hal_pwr.o
 .comment       0x0000000000000053       0x54 ./Drivers/STM32L4xx_HAL_Driver/Src/stm32l4xx_hal_pwr_ex.o
 .comment       0x0000000000000053       0x54 ./Drivers/STM32L4xx_HAL_Driver/Src/stm32l4xx_hal_rcc.o
 .comment       0x0000000000000053       0x54 ./Drivers/STM32L4xx_HAL_Driver/Src/stm32l4xx_hal_rcc_ex.o
 .comment       0x0000000000000053       0x54 ./Drivers/STM32L4xx_HAL_Driver/Src/stm32l4xx_hal_rtc.o
 .comment       0x0000000000000053       0x54 ./Drivers/STM32L4xx_HAL_Driver/Src/stm32l4xx_hal_spi.o
 .comment       0x0000000000000053       0x54 ./Drivers/STM32L4xx_HAL_Driver/Src/stm32l4xx_hal_tim.o
 .comment       0x0000000000000053       0x54 ./Drivers/STM32L4xx_HAL_Driver/Src/stm32l4xx_hal_tim_ex.o
 .comment       0x0000000000000053       0x54 ./Drivers/STM32L4xx_HAL_Driver/Src/stm32l4xx_hal_uart.o
 .comment       0x0000000000000053       0x54 ./Drivers/STM32L4xx_HAL_Driver/Src/stm32l4xx_hal_uart_ex.o
 .comment       0x0000000000000053       0x54 ./EventDriven/event_driven.o
 .comment       0x0000000000000053       0x54 ./meter/elster.o
 .comment       0x0000000000000053       0x54 ./queue/queue_p.o
 .comment       0x0000000000000053       0x54 ./sim_module/sim_command.o

.debug_frame    0x0000000000000000     0x622c
 .debug_frame   0x0000000000000000       0x48 ./App/main_app.o
 .debug_frame   0x0000000000000048       0x80 ./Core/Src/adc.o
 .debug_frame   0x00000000000000c8       0x38 ./Core/Src/gpio.o
 .debug_frame   0x0000000000000100       0x2c ./Core/Src/iwdg.o
 .debug_frame   0x000000000000012c       0x8c ./Core/Src/main.o
 .debug_frame   0x00000000000001b8       0x78 ./Core/Src/rtc.o
 .debug_frame   0x0000000000000230       0x74 ./Core/Src/spi.o
 .debug_frame   0x00000000000002a4       0x38 ./Core/Src/stm32l4xx_hal_msp.o
 .debug_frame   0x00000000000002dc       0x74 ./Core/Src/stm32l4xx_hal_timebase_tim.o
 .debug_frame   0x0000000000000350      0x178 ./Core/Src/stm32l4xx_it.o
 .debug_frame   0x00000000000004c8       0x58 ./Core/Src/system_stm32l4xx.o
 .debug_frame   0x0000000000000520       0xb0 ./Core/Src/usart.o
 .debug_frame   0x00000000000005d0      0x498 ./Drivers/STM32L4xx_HAL_Driver/Src/stm32l4xx_hal.o
 .debug_frame   0x0000000000000a68      0x9d8 ./Drivers/STM32L4xx_HAL_Driver/Src/stm32l4xx_hal_adc.o
 .debug_frame   0x0000000000001440      0x498 ./Drivers/STM32L4xx_HAL_Driver/Src/stm32l4xx_hal_cortex.o
 .debug_frame   0x00000000000018d8      0x204 ./Drivers/STM32L4xx_HAL_Driver/Src/stm32l4xx_hal_dma.o
 .debug_frame   0x0000000000001adc      0x14c ./Drivers/STM32L4xx_HAL_Driver/Src/stm32l4xx_hal_gpio.o
 .debug_frame   0x0000000000001c28       0x5c ./Drivers/STM32L4xx_HAL_Driver/Src/stm32l4xx_hal_iwdg.o
 .debug_frame   0x0000000000001c84      0x230 ./Drivers/STM32L4xx_HAL_Driver/Src/stm32l4xx_hal_pwr.o
 .debug_frame   0x0000000000001eb4      0x4a4 ./Drivers/STM32L4xx_HAL_Driver/Src/stm32l4xx_hal_pwr_ex.o
 .debug_frame   0x0000000000002358      0x1f4 ./Drivers/STM32L4xx_HAL_Driver/Src/stm32l4xx_hal_rcc.o
 .debug_frame   0x000000000000254c      0x3d0 ./Drivers/STM32L4xx_HAL_Driver/Src/stm32l4xx_hal_rcc_ex.o
 .debug_frame   0x000000000000291c      0x3f4 ./Drivers/STM32L4xx_HAL_Driver/Src/stm32l4xx_hal_rtc.o
 .debug_frame   0x0000000000002d10      0x860 ./Drivers/STM32L4xx_HAL_Driver/Src/stm32l4xx_hal_spi.o
 .debug_frame   0x0000000000003570     0x121c ./Drivers/STM32L4xx_HAL_Driver/Src/stm32l4xx_hal_tim.o
 .debug_frame   0x000000000000478c      0x6b0 ./Drivers/STM32L4xx_HAL_Driver/Src/stm32l4xx_hal_tim_ex.o
 .debug_frame   0x0000000000004e3c      0x9e4 ./Drivers/STM32L4xx_HAL_Driver/Src/stm32l4xx_hal_uart.o
 .debug_frame   0x0000000000005820      0x1e0 ./Drivers/STM32L4xx_HAL_Driver/Src/stm32l4xx_hal_uart_ex.o
 .debug_frame   0x0000000000005a00      0x1a0 ./EventDriven/event_driven.o
 .debug_frame   0x0000000000005ba0      0x224 ./meter/elster.o
 .debug_frame   0x0000000000005dc4       0xb0 ./queue/queue_p.o
 .debug_frame   0x0000000000005e74      0x2b4 ./sim_module/sim_command.o
 .debug_frame   0x0000000000006128       0x2c c:/st/stm32cubeide_1.4.0/stm32cubeide/plugins/com.st.stm32cube.ide.mcu.externaltools.gnu-tools-for-stm32.9-2020-q2-update.win32_2.0.0.202105311346/tools/bin/../lib/gcc/arm-none-eabi/9.3.1/../../../../arm-none-eabi/lib/thumb/v7e-m+fp/hard\libc_nano.a(lib_a-init.o)