elster.c:126:6:MeterInit	8	static
elster.c:135:6:MeterTask	24	static
elster.c:152:16:fevent_meter_cmd_send_handler	32	static
elster.c:181:16:fevent_meter_cmd_send_OK_handler	16	static
elster.c:194:16:fevent_meter_cmd_send_Timeout_handler	24	static
elster.c:211:16:Meter_Check_Response	24	static
elster.c:234:16:fevent_meter_uart_receive_handler	24	static
elster.c:244:16:M_ClearMeterStepQueue	8	static
elster.c:252:16:M_GetMeterCmdFromQueue	24	static
elster.c:264:16:M_PushMeterCmdToQueue	16	static
elster.c:278:9:M_PushMeterCmdBlockToQueue	24	static
elster.c:292:9:M_PushMeterMessageToQueue	16	static
elster.c:302:16:M_GetMeterMessageFromQueue	24	static
elster.c:314:16:fevent_meter_read_message_handler	24	static
elster.c:342:9:Copy_buff	32	static
elster.c:354:16:meter_pack_message	24	static
elster.c:361:16:meter_cmd_callback_success	16	static
elster.c:369:16:meter_cmd_callback_failure	16	static
