core_cm4.h:1933:34:__NVIC_SystemReset	4	static,ignoring_inline_asm
Genius_Read_Meter.c:151:6:GENIUS_Init_Function	16	static
Genius_Read_Meter.c:167:9:GENIUS_Send1Cmd_Test	24	static
Genius_Read_Meter.c:179:9:GENIUS_Read_TSVH	40	static
Genius_Read_Meter.c:225:9:GENIUS_Read_Bill	8	static
Genius_Read_Meter.c:230:9:GENIUS_Read_Event	16	static
Genius_Read_Meter.c:236:9:GENIUS_Read_Lpf	16	static
Genius_Read_Meter.c:253:9:GENIUS_Read_Infor	8	static
Genius_Read_Meter.c:262:9:Genius_Connect_Meter_Handle	16	static
Genius_Read_Meter.c:287:9:Genius_Get_Meter_ID	88	static
Genius_Read_Meter.c:364:9:Genius_Handshake_Handle	40	static
Genius_Read_Meter.c:447:9:Genius_GetUART1Data	16	static
Genius_Read_Meter.c:482:6:Convert_Genius_Respond	24	static
Genius_Read_Meter.c:503:9:Genius_Check_Sum	24	static
Genius_Read_Meter.c:524:9:Genius_ReadInfor_1	64	static
Genius_Read_Meter.c:564:9:Genius_Get_Meter_Time	48	static
Genius_Read_Meter.c:605:9:Genius_ExtractMinfor_data	32	static
Genius_Read_Meter.c:657:9:Genius_Minfor_value	112	static
Genius_Read_Meter.c:804:9:Genius_Check_Meter	8	static
Genius_Read_Meter.c:817:9:Genius_CheckResetReadMeter	16	static,ignoring_inline_asm
Genius_Read_Meter.c:840:9:Test_Read_1reg	56	static
Genius_Read_Meter.c:881:9:Read_Step_Lp	48	static
Genius_Read_Meter.c:947:9:onSuccessGetRecordInfo	16	static
Genius_Read_Meter.c:975:9:onSuccessGetChannelInfo	32	static
Genius_Read_Meter.c:1013:9:onSuccessReadProfile	128	static
Genius_Read_Meter.c:1283:9:getTagByChannelName	24	static
Genius_Read_Meter.c:1341:9:Genius_Read_Loadprofile	32	static
Genius_Read_Meter.c:1434:9:packLoadProfileImportExportData	64	static
Genius_Read_Meter.c:1458:9:packLoadProfileVoltageCurrentData	40	static
Genius_Read_Meter.c:1479:6:Genius_SetTime_GetBill	4	static
Genius_Read_Meter.c:1512:9:Genius_Read_Billing	16	static
Genius_Read_Meter.c:1550:9:Read_Step_Billing	56	static
Genius_Read_Meter.c:1606:9:onSuccessGetRecordBill_Inf	16	static
Genius_Read_Meter.c:1626:9:onSuccessGetChannelBill_Inf	32	static
Genius_Read_Meter.c:1661:9:onSuccessReadBill	192	static
Genius_Read_Meter.c:1824:9:genius_isResetBillingTimeInRange	64	static
Genius_Read_Meter.c:1856:9:genius_getTag	24	static
Genius_Read_Meter.c:1869:8:Genius_Check_Row_Obis103	24	static
Genius_Read_Meter.c:1882:9:Genius_Read_event	40	static
Genius_Read_Meter.c:1929:9:Genius_Read_event_TSVH	16	static
Genius_Read_Meter.c:1952:9:Genius_Extract_Data_Event	24	static
Genius_Read_Meter.c:1960:6:Genius_GetData_Event	72	static
Genius_Read_Meter.c:2010:9:Genius_Read_TuTi	16	static
Genius_Read_Meter.c:2024:6:Genius_ExtractMTuTi_data	16	static
Genius_Read_Meter.c:2033:6:Genius_MTuTi_value	32	static
