core_cm4.h:1933:34:__NVIC_SystemReset	4	static,ignoring_inline_asm
START_Read_Meter.c:20:6:START_Init_Function	16	static
START_Read_Meter.c:36:9:START_Send1Cmd_Test	8	static
START_Read_Meter.c:49:9:START_Read_TSVH	48	static
START_Read_Meter.c:112:6:Cacul_ID_Table	24	static
START_Read_Meter.c:121:9:START_Read_Bill	40	static
START_Read_Meter.c:187:9:START_Read_Event	32	static
START_Read_Meter.c:239:9:START_Read_Lpf	32	static
START_Read_Meter.c:291:9:START_Read_Infor	16	static
START_Read_Meter.c:305:9:START_Connect_Meter	16	static
START_Read_Meter.c:331:6:ReadEvent_TSVH	24	static
START_Read_Meter.c:370:6:Extract_One_Element_Meter_Info	112	static
START_Read_Meter.c:432:6:Extract_TuTi_Meter_Info	112	static
START_Read_Meter.c:527:6:START_Extract_MAXDEMAND_Value	72	static
START_Read_Meter.c:563:6:START_Extract_MAXDEMAND_Time	48	static
START_Read_Meter.c:585:9:START_Extract_Bill_Time	104	static
START_Read_Meter.c:645:6:Extract_One_Element_Meter_Billing	112	static
START_Read_Meter.c:708:6:UART2_Mess_Checksum	16	static
START_Read_Meter.c:730:9:START_GetUART2Data	16	static
START_Read_Meter.c:759:6:START_Fill_Mess	24	static
START_Read_Meter.c:804:6:RMTuTi_Extract_Data	24	static
START_Read_Meter.c:829:6:RMI_Extract_Data	72	static
START_Read_Meter.c:984:6:RMI_Push_Mess	4	static
START_Read_Meter.c:989:6:RMI_Push_Mess_Instant	4	static
START_Read_Meter.c:994:6:RMI_Push_Mess_TuTi	4	static
START_Read_Meter.c:999:6:RMB_Extract_Data	16	static
START_Read_Meter.c:1074:6:RMB_Push_Mess	64	static
START_Read_Meter.c:1120:6:RME_Extract_Data	120	static
START_Read_Meter.c:1235:6:RME_Push_Mess_2	4	static
START_Read_Meter.c:1239:6:RME_Push_Mess	48	static
START_Read_Meter.c:1283:6:RME_Push_Mess_TSVH	16	static
START_Read_Meter.c:1324:9:Meter_Comm_Func	32	static
START_Read_Meter.c:1428:6:RM_Load_Prof_Func	48	static
START_Read_Meter.c:1611:9:UInt8_To_Hex	24	static
START_Read_Meter.c:1625:6:RMLP_Extract_First_Adress	16	static
START_Read_Meter.c:1647:6:START_RMLP_Extract_Data	120	static
START_Read_Meter.c:1833:6:START_RMLP_Push_Mess	56	static
START_Read_Meter.c:1856:9:START_Get_Meter_ID	40	static
START_Read_Meter.c:1939:9:START_CheckResetReadMeter	16	static,ignoring_inline_asm
START_Read_Meter.c:1961:9:START_Check_Meter	16	static
START_Read_Meter.c:1989:6:Pack_MD_Value_Time	88	static
START_Read_Meter.c:2074:8:Check_Row_Obis103	24	static
