event_driven.c:32:6:Event_Init	4	static
event_driven.c:38:6:EventTask	8	static
event_driven.c:43:13:CheckEventQueue	24	static
event_driven.c:60:9:fevent_active	16	static
event_driven.c:70:9:fevent_enable	24	static
event_driven.c:80:9:fevent_disable	16	static
event_driven.c:91:16:f_event_blink_led1_handler	16	static
event_driven.c:98:16:f_event_blink_led2_handler	16	static
event_driven.c:105:16:f_event_blink_led3_handler	16	static
event_driven.c:111:16:f_event_print_debug_handler	16	static
event_driven.c:118:16:f_event_collect_handler	16	static
