event_driven.c:38:6:Event_Init	4	static
event_driven.c:44:6:EventTask	8	static
event_driven.c:49:13:CheckEventQueue	24	static
event_driven.c:66:9:fevent_active	16	static
event_driven.c:76:9:fevent_enable	24	static
event_driven.c:86:9:fevent_disable	16	static
event_driven.c:97:16:f_event_blink_led1_handler	16	static
event_driven.c:104:16:f_event_blink_led2_handler	16	static
event_driven.c:111:16:f_event_blink_led3_handler	16	static
event_driven.c:117:16:f_event_print_debug_handler	16	static
event_driven.c:124:16:f_event_collect_handler	16	static
