core_cm4.h:1933:34:__NVIC_SystemReset	4	static,ignoring_inline_asm
LANDIS_Read_Meter.c:20:6:LANDIS_Init_Function	16	static
LANDIS_Read_Meter.c:36:9:LANDIS_Send1Cmd_Test	8	static
LANDIS_Read_Meter.c:53:9:LANDIS_Read_TSVH	40	static
LANDIS_Read_Meter.c:104:9:LANDIS_Read_Bill	24	static
LANDIS_Read_Meter.c:166:9:LANDIS_Read_Event	24	static
LANDIS_Read_Meter.c:176:9:LANDIS_Read_Lpf	40	static
LANDIS_Read_Meter.c:235:9:LANDIS_Read_Infor	16	static
LANDIS_Read_Meter.c:248:9:LANDIS_Connect_meter_Landis	24	static
LANDIS_Read_Meter.c:311:6:LANDIS_Cal_Header_CheckSum	24	static
LANDIS_Read_Meter.c:320:6:LANDIS_Cal_Full_CheckSum	24	static
LANDIS_Read_Meter.c:329:6:LANDIS_Insert_GetOBIS_Mess_OBIS	24	static
LANDIS_Read_Meter.c:349:6:LANDIS_Insert_GetDATA_Mess_OBIS	24	static
LANDIS_Read_Meter.c:361:6:LANDIS_Mess_Checksum	16	static
LANDIS_Read_Meter.c:376:9:LANDIS_Read_Info_Scale	32	static
LANDIS_Read_Meter.c:465:6:LANDIS_Fill_MInfo_Mess	16	static
LANDIS_Read_Meter.c:517:6:LANDIS_Fill_MTuTi_Mess	16	static
LANDIS_Read_Meter.c:567:6:LANDIS_Fill_MEvent_Mess	16	static
LANDIS_Read_Meter.c:608:6:LANDIS_MI_ExtractDataFunc	16	static
LANDIS_Read_Meter.c:647:6:LANDIS_MTuTi_ExtractDataFunc	16	static
LANDIS_Read_Meter.c:685:6:LANDIS_ME_ExtractDataFunc	64	static
LANDIS_Read_Meter.c:763:6:LANDIS_MI_SendData	8	static
LANDIS_Read_Meter.c:769:6:Convert_Opera_ToPack103_TSVH	152	static
LANDIS_Read_Meter.c:938:6:LANDIS_MI_SendData_Inst	8	static
LANDIS_Read_Meter.c:943:6:LANDIS_ME_SendData	48	static
LANDIS_Read_Meter.c:970:6:LANDIS_ME_SendData_TSVH	16	static
LANDIS_Read_Meter.c:989:6:LANDIS_MScale_ExtractDataFunc	16	static
LANDIS_Read_Meter.c:1010:6:LANDIS_MS_SendData	4	static
LANDIS_Read_Meter.c:1015:6:LANDIS_Fill_Scale_Mess	16	static
LANDIS_Read_Meter.c:1061:9:LANDIS_Read_His_Load	32	static
LANDIS_Read_Meter.c:1199:9:LANDIS_Read_LProfile	32	static
LANDIS_Read_Meter.c:1340:9:LANDIS_CheckOBISInTable	24	static
LANDIS_Read_Meter.c:1368:6:LANDIS_Prepare_Read_Date	24	static
LANDIS_Read_Meter.c:1380:6:LANDIS_MBillingGetRawData	24	static
LANDIS_Read_Meter.c:1416:6:LANDIS_MBillingExtractOBISList	16	static
LANDIS_Read_Meter.c:1478:6:LANDIS_MBillingExtractData	24	static
LANDIS_Read_Meter.c:1600:6:LANDIS_MLProfileExtractOBISList	16	static
LANDIS_Read_Meter.c:1655:6:LANDIS_MLProfileExtractData	160	static
LANDIS_Read_Meter.c:1913:6:LANDIS_MEventGetRawData	24	static
LANDIS_Read_Meter.c:1951:6:LANDIS_Get_ShortName	24	static
LANDIS_Read_Meter.c:2010:9:Compare_Array	32	static
LANDIS_Read_Meter.c:2022:6:MGetShortNameData	24	static
LANDIS_Read_Meter.c:2059:9:LANDIS_Get_Meter_ID	40	static
LANDIS_Read_Meter.c:2121:6:Fill_General_Mess	24	static
LANDIS_Read_Meter.c:2148:9:LANDIS_Read	32	static
LANDIS_Read_Meter.c:2222:9:LANDIS_Get_OBIS	32	static
LANDIS_Read_Meter.c:2248:9:LANDIS_Extract_Data	40	static
LANDIS_Read_Meter.c:2321:6:LANDIS_MS_ExtractDataSN	4	static
LANDIS_Read_Meter.c:2334:9:LANDIS_HANDSHAKE	16	static
LANDIS_Read_Meter.c:2412:6:Fill_Nextframe	16	static
LANDIS_Read_Meter.c:2434:6:OBIS_SendData	4	static
LANDIS_Read_Meter.c:2438:6:Fill_frameOBIS_His	16	static
LANDIS_Read_Meter.c:2457:7:Fill_frameData_His	16	static
LANDIS_Read_Meter.c:2480:6:LANDIS_His_Send_Data	4	static
LANDIS_Read_Meter.c:2488:6:Convert_His_To103Pack	152	static
LANDIS_Read_Meter.c:2657:6:Pack_MD_Landis	104	static
LANDIS_Read_Meter.c:2712:6:LANDIS_MBillingInsertReadTime	40	static
LANDIS_Read_Meter.c:2769:6:MLoadpfInsertReadTime	48	static
LANDIS_Read_Meter.c:2857:6:Fill_frameOBIS_LoPro	16	static
LANDIS_Read_Meter.c:2876:6:LoPro_Send_Data	4	static
LANDIS_Read_Meter.c:2881:6:Fill_frameData_Load	16	static
LANDIS_Read_Meter.c:2901:9:LANDIS_CheckResetReadMeter	16	static,ignoring_inline_asm
LANDIS_Read_Meter.c:2925:6:Landis_TuTi_SendData	32	static
LANDIS_Read_Meter.c:2968:9:Check_2_sTime_By_date	40	static
LANDIS_Read_Meter.c:2985:9:Check_sTimeBill_withStarttime	56	static
LANDIS_Read_Meter.c:3011:10:ConvertStime_toDate	32	static
LANDIS_Read_Meter.c:3025:6:Convert_Date_toStime	32	static
LANDIS_Read_Meter.c:3050:8:Landis_Check_Obis_event	24	static
LANDIS_Read_Meter.c:3063:8:LANDIS_Check_Row_Obis103	24	static
LANDIS_Read_Meter.c:3073:9:LANDIS_Check_Meter	16	static
