core_cm4.h:1933:34:__NVIC_SystemReset	4	static,ignoring_inline_asm
Elster_Read_Meter.c:21:6:ELSTER_Init_Function	16	static
Elster_Read_Meter.c:37:9:ELSTER_Send1Cmd_Test	8	static
Elster_Read_Meter.c:58:9:ELSTER_Read_TSVH	40	static
Elster_Read_Meter.c:113:9:ELSTER_Read_Bill	40	static
Elster_Read_Meter.c:155:9:ELSTER_Read_Event	24	static
Elster_Read_Meter.c:163:9:ELSTER_Read_Lpf	40	static
Elster_Read_Meter.c:210:9:ELSTER_Read_Infor	16	static
Elster_Read_Meter.c:223:9:ELSTER_Connect_Metter_Handle	16	static
Elster_Read_Meter.c:294:6:ELSTER_Mess_Checksum	16	static
Elster_Read_Meter.c:309:9:ELSTER_GetUART2Data	16	static
Elster_Read_Meter.c:403:9:ELSTER_Handshake_Handle	16	static
Elster_Read_Meter.c:511:6:Encryptpass	48	static
Elster_Read_Meter.c:649:6:ELSTER_Decode_byte	24	static
Elster_Read_Meter.c:711:6:ELSTER_Encode_byte	24	static
Elster_Read_Meter.c:773:9:ELSTER_Read	32	static
Elster_Read_Meter.c:861:9:ELSTER_Get_Meter_ID	32	static
Elster_Read_Meter.c:946:6:ELSTER_Send_MInfo_Mess	40	static
Elster_Read_Meter.c:957:6:ELSTER_MI_ExtractDataFunc	24	static
Elster_Read_Meter.c:1064:6:MI_DecodeData_NoSpin	112	static
Elster_Read_Meter.c:1146:9:Check_sTime_MD	24	static
Elster_Read_Meter.c:1155:6:MI_DecodeData_TimeBySecond	96	static
Elster_Read_Meter.c:1197:6:MI_DecodeData_Spin	184	static
Elster_Read_Meter.c:1325:6:MI_DecodeData_DateTime	64	static
Elster_Read_Meter.c:1374:6:ELSTER_MI_SendData	4	static
Elster_Read_Meter.c:1378:6:ELSTER_MI_SendData_Inst	4	static
Elster_Read_Meter.c:1386:9:Convert_Char_Elster	24	static
Elster_Read_Meter.c:1447:6:Send_MBilling_Mess	16	static
Elster_Read_Meter.c:1476:6:MB_ExtractDataFunc	16	static
Elster_Read_Meter.c:1485:9:MB_DecodeData_TimeBySecond	128	static
Elster_Read_Meter.c:1565:6:MB_DecodeData_Spin	184	static
Elster_Read_Meter.c:1706:6:MB_SendData	32	static
Elster_Read_Meter.c:1768:6:Send_MEvent_Mess	32	static
Elster_Read_Meter.c:1780:6:ELSTER_ME_ExtractDataFunc	40	static
Elster_Read_Meter.c:1892:6:ME_DecodeData_Spin	104	static
Elster_Read_Meter.c:1951:8:Get_Row_InlistObis	24	static
Elster_Read_Meter.c:1961:6:ME_DecodeEventOder	24	static
Elster_Read_Meter.c:1990:6:ME_DecodeMessType2	32	static
Elster_Read_Meter.c:2015:6:ELSTER_ME_SendData	48	static
Elster_Read_Meter.c:2037:6:ELSTER_ME_SendData_TSVH	16	static
Elster_Read_Meter.c:2058:6:Send_MLoadProfile_Mess	16	static
Elster_Read_Meter.c:2102:6:RMLP_Extract_Data	16	static
Elster_Read_Meter.c:2142:6:Pack_String_Dec	56	static
Elster_Read_Meter.c:2168:6:MLProf_SendData	96	static
Elster_Read_Meter.c:2458:9:Cal_LPPeriod	24	static
Elster_Read_Meter.c:2468:6:Round_MLPTime	16	static
Elster_Read_Meter.c:2479:9:ELSTER_CheckResetReadMeter	16	static,ignoring_inline_asm
Elster_Read_Meter.c:2504:6:ELSTER_TuTi_ExtractDataFunc	8	static
Elster_Read_Meter.c:2525:6:ELSTER_TuTi_SendData	16	static
Elster_Read_Meter.c:2532:6:ELSTER_Send_MTuTi_Mess	40	static
Elster_Read_Meter.c:2544:6:TuTi_DecodeData_Spin	104	static
Elster_Read_Meter.c:2604:9:ELSTER_Check_Meter	16	static
