sim_command.c:99:6:SimInit	8	static
sim_command.c:108:6:SimTask	24	static
sim_command.c:125:9:SimON	8	static
sim_command.c:164:16:fevent_sim_at_send_handler	24	static
sim_command.c:191:16:fevent_sim_at_send_ok_handler	16	static
sim_command.c:203:16:fevent_sim_at_send_timeout_handler	24	static
sim_command.c:223:16:fevent_sim_uart_receive_handler	24	static
sim_command.c:233:16:fevent_sim_turn_on_handler	16	static
sim_command.c:244:9:fPushSimStepToQueue	16	static
sim_command.c:258:9:fPushBlockSimStepToQueue	24	static
sim_command.c:271:9:fClearSimStepQueue	8	static
sim_command.c:281:9:fGetSimStepFromQueue	24	static
sim_command.c:292:6:fSend_String_to_UartSim	16	static
sim_command.c:298:16:at_callback_success	16	static
sim_command.c:304:16:at_callback_failure	16	static
sim_command.c:310:16:at_send_message_callback_success	16	static
sim_command.c:316:16:at_connect_TCP_callback_success	16	static
sim_command.c:324:9:Sim_Check_Response	24	static
sim_command.c:347:6:HAL_UART_RxCpltCallback	16	static
