sim_command.c:95:6:SimInit	8	static
sim_command.c:104:6:SimTask	24	static
sim_command.c:121:9:SimON	8	static
sim_command.c:160:16:fevent_sim_at_send_handler	24	static
sim_command.c:187:16:fevent_sim_at_send_ok_handler	16	static
sim_command.c:200:16:fevent_sim_at_send_timeout_handler	24	static
sim_command.c:220:16:fevent_sim_uart_receive_handler	24	static
sim_command.c:230:16:fevent_sim_turn_on_handler	16	static
sim_command.c:241:9:fPushSimStepToQueue	16	static
sim_command.c:255:9:fPushBlockSimStepToQueue	24	static
sim_command.c:268:9:fClearSimStepQueue	8	static
sim_command.c:278:9:fGetSimStepFromQueue	24	static
sim_command.c:289:6:fSend_String_to_UartSim	16	static
sim_command.c:295:16:at_callback_success	16	static
sim_command.c:301:16:at_callback_failure	16	static
sim_command.c:307:16:at_send_message_callback_success	16	static
sim_command.c:313:16:at_connect_TCP_callback_success	16	static
sim_command.c:321:9:Sim_Check_Response	24	static
