Init_All_Meter.c:113:9:Scan_DetectMeter	16	static
Init_All_Meter.c:228:6:ReInit_Uart_Meter	16	static
Init_All_Meter.c:246:6:Init_UART2	16	static
Init_All_Meter.c:267:6:Init_MD_Bill	4	static
Init_All_Meter.c:276:6:Init_Meter_Struct	24	static
Init_All_Meter.c:321:6:Init_Meter_Info_Struct	8	static
Init_All_Meter.c:327:6:Init_Meter_Scale_Struct	4	static
Init_All_Meter.c:342:6:Init_Meter_Billing_Struct	8	static
Init_All_Meter.c:348:6:Init_Meter_Event_Struct	8	static
Init_All_Meter.c:354:6:Init_Meter_LProf_Struct	8	static
Init_All_Meter.c:360:6:Init_Meter_TuTi_Struct	8	static
Init_All_Meter.c:367:10:CountFCS16	24	static
Init_All_Meter.c:380:9:getObjectCount	24	static
Init_All_Meter.c:392:6:Insert_Read_Time	24	static
Init_All_Meter.c:407:10:Nomalize_Read_Value	24	static
Init_All_Meter.c:439:10:ConvertScaleMeter_toDec	48	static
Init_All_Meter.c:474:9:GetUART2Data	16	static
Init_All_Meter.c:506:9:_fWaitSaveInFlash	24	static
Init_All_Meter.c:538:8:Check_Obis_event	24	static
Init_All_Meter.c:549:9:ConvertHex_to_Dec	16	static
Init_All_Meter.c:555:6:Func_Scan_NewMeter	8	static
Init_All_Meter.c:592:6:Packet_Empty_MessHistorical	32	static
Init_All_Meter.c:621:9:_fSetStimeMeter_FromDCU	24	static
