myuart.c:21:9:Find_String	32	static
myuart.c:53:9:Find_String_V2	40	static
myuart.c:96:9:RC	16	static
myuart.c:108:9:Find_str_fix	32	static
myuart.c:129:6:Check_Time_Out	16	static
myuart.c:136:6:Check_Time_Out_2	16	static
myuart.c:145:10:Cal_Time	16	static
myuart.c:153:10:Cal_Time_s	16	static
myuart.c:161:6:Init_UART	16	static
myuart.c:168:6:Reset_Buff	24	static
myuart.c:177:6:Reset_UART	16	static
myuart.c:201:9:Copy_String	32	static
myuart.c:216:9:Copy_String_section	32	static
myuart.c:240:9:Cut_String	40	static
myuart.c:262:9:Cut_Value	32	static
myuart.c:282:6:Get_RTC	8	static
myuart.c:295:6:Set_RTC	8	static
myuart.c:309:9:Set_RTC_2	48	static
myuart.c:335:9:Copy_String_2	24	static
myuart.c:348:9:Copy_String_toTaget	32	static
myuart.c:372:9:Copy_String_STime	24	static
myuart.c:393:9:Compare_String	32	static
myuart.c:406:6:ConvertStringsTime_tosTime	16	static
myuart.c:419:6:Copy_STime_fromsTime	16	static
myuart.c:433:8:Check_DiffTime	40	static
myuart.c:456:6:AddPoint_to_StringDec	24	static
