pushdata.c:454:9:Convert_float_2int	32	static
pushdata.c:472:7:Convert_FloatPoint_2Float	16	static
pushdata.c:477:9:Convert_uint_2int	16	static
pushdata.c:482:9:Convert_uint16_2int16	16	static
pushdata.c:488:9:Convert_uint64_2int64	16	static
pushdata.c:494:9:BBC_Cacul	24	static
pushdata.c:505:9:Check_BBC	24	static
pushdata.c:517:6:Pack_HEXData_Frame_Uint64	72	static
pushdata.c:615:6:Pack_HEXData_Frame	72	static
pushdata.c:660:6:Epoch_to_date_time	40	static
pushdata.c:716:10:HW_RTC_GetCalendarValue_Second	32	static
pushdata.c:761:9:Identi_Meter	32	static
pushdata.c:817:6:Pack_AlarmPower	32	static
pushdata.c:860:6:Infor_Moderm	40	static
pushdata.c:936:10:Find_Idex_By_sTime	40	static
pushdata.c:954:6:Write_Header_TSVH_Push103	8	static
pushdata.c:992:6:Write_Header_His_Push103	8	static
pushdata.c:1031:6:Pack_Header_lpf_Pushdata103	8	static
pushdata.c:1071:6:Pack_PushData_103_Infor_Meter	24	static
pushdata.c:1152:6:Check_Meter	8	static
pushdata.c:1160:6:Add_TuTI_toPayload	16	static
pushdata.c:1178:9:Send_MessLpf_toQueue	16	static
pushdata.c:1224:6:Push_TSVH_toQueue	24	static
pushdata.c:1288:9:_fSendTSVH_ToQueue	16	static
pushdata.c:1311:6:Push_Bill_toQueue	24	static
pushdata.c:1376:9:_fSendBill_ToQueue	16	static
pushdata.c:1391:9:Push_Even_toQueue	16	static
pushdata.c:1411:6:Header_event_103	16	static
pushdata.c:1451:6:_fSend_Empty_Lpf	24	static
