core_cm4.h:1933:34:__NVIC_SystemReset	4	static,ignoring_inline_asm
variable.c:273:6:Init_Queue_Struct	8	static
variable.c:315:6:_fInit_Queue	16	static
variable.c:325:6:Init_Manage_Flash_Struct	8	static
variable.c:332:6:_fInit_Flash_Struct	16	static
variable.c:342:6:Reset_Chip	8	static,ignoring_inline_asm
variable.c:348:6:f_Get_batery_Level	16	static
variable.c:356:6:Manage_PIN_Charge	8	static
variable.c:395:10:converStringToDec	24	static
variable.c:422:6:CheckStatusMeter	4	static
variable.c:443:9:Check_HardPin_DectectMeter	8	static
variable.c:452:10:RePacket_Message	24	static
variable.c:477:10:ConvertHex_2StringHEX	32	static
variable.c:504:6:ConvertHexDatatoStringDec	32	static
variable.c:540:6:_Off_fprint_Debug	24	static
variable.c:546:6:SystemClock_Config_HSI_LSI	200	static
variable.c:612:6:SystemClock_Config_OFF_LSE	80	static
variable.c:645:6:Check_sRTC_Active	8	static
variable.c:670:6:ReInit_RTC_LSI	8	static
