stm32l4xx_it.c:77:6:NMI_Handler	4	static
stm32l4xx_it.c:92:6:HardFault_Handler	4	static
stm32l4xx_it.c:107:6:MemManage_Handler	4	static
stm32l4xx_it.c:122:6:BusFault_Handler	4	static
stm32l4xx_it.c:137:6:UsageFault_Handler	4	static
stm32l4xx_it.c:152:6:SVC_Handler	4	static
stm32l4xx_it.c:165:6:DebugMon_Handler	4	static
stm32l4xx_it.c:178:6:PendSV_Handler	4	static
stm32l4xx_it.c:191:6:SysTick_Handler	4	static
stm32l4xx_it.c:212:6:TIM1_UP_TIM16_IRQHandler	8	static
stm32l4xx_it.c:226:6:USART1_IRQHandler	8	static
stm32l4xx_it.c:240:6:USART3_IRQHandler	8	static
stm32l4xx_it.c:255:6:UART4_IRQHandler	8	static
