core_cm4.h:1933:34:__NVIC_SystemReset	4	static,ignoring_inline_asm
CPC_Read_Meter.c:28:6:CPC_IEC62056_21_Command	24	static
CPC_Read_Meter.c:109:6:CPC_Init_Function	16	static
CPC_Read_Meter.c:125:9:CPC_Send1Cmd_Test	8	static
CPC_Read_Meter.c:142:9:CPC_Read_TSVH	24	static
CPC_Read_Meter.c:175:9:CPC_Read_Bill	16	static
CPC_Read_Meter.c:205:9:CPC_Read_Event	24	static
CPC_Read_Meter.c:227:9:CPC_Read_Lpf	24	static
CPC_Read_Meter.c:265:9:CPC_Read_Infor	16	static
CPC_Read_Meter.c:278:9:CPC_Connect_Metter_Handle	16	static
CPC_Read_Meter.c:307:9:CPC_Get_Meter_ID	64	static
CPC_Read_Meter.c:378:9:CPC_Handshake_Handle	16	static
CPC_Read_Meter.c:468:9:CPC_GetUART1Data	16	static
CPC_Read_Meter.c:557:9:CPC_CheckResetReadMeter	16	static,ignoring_inline_asm
CPC_Read_Meter.c:578:9:CPC_Check_Meter	8	static
CPC_Read_Meter.c:591:9:ConvertHexStringtoHex	16	static
CPC_Read_Meter.c:599:9:Convert2ByteHexStringto_1Hex	24	static
CPC_Read_Meter.c:610:9:ConvertHextoAscii	16	static
CPC_Read_Meter.c:619:10:ConvertHextoHexstring	40	static
CPC_Read_Meter.c:636:6:PrintInteger4byte	16	static
CPC_Read_Meter.c:653:6:PrintChar1byte	16	static
CPC_Read_Meter.c:663:6:Print8byte	16	static
CPC_Read_Meter.c:687:9:CPC_Read	32	static
CPC_Read_Meter.c:768:9:CPC_FunExtract_TuTi	48	static
CPC_Read_Meter.c:827:6:CPC_TuTi_SendData	16	static
CPC_Read_Meter.c:835:6:CPC_Send_TuTi_Mess	16	static
CPC_Read_Meter.c:845:9:CPC_MI_ExtractDataFunc	16	static
CPC_Read_Meter.c:891:6:CPC_Decode_Intan	32	static
CPC_Read_Meter.c:926:6:CPC_DecodeEnergyTotal	32	static
CPC_Read_Meter.c:943:6:CPC_Decode_Tariff	32	static
CPC_Read_Meter.c:957:6:CPC_Decode_MAXDemand_TSVH	32	static
CPC_Read_Meter.c:972:6:CPC_Decode_MAXDemand_LASTBILL	32	static
CPC_Read_Meter.c:990:6:CPC_MI_SendData	16	static
CPC_Read_Meter.c:1012:6:CPC_Send_MInfo_Mess	16	static
CPC_Read_Meter.c:1023:6:CPC_Decode_STime	16	static
CPC_Read_Meter.c:1037:9:CPC_PackData_ToMinfor	128	static
CPC_Read_Meter.c:1209:6:CPC_Pack_Tariff_Demand_2	128	static
CPC_Read_Meter.c:1358:6:CPC_Decode_Event	32	static
CPC_Read_Meter.c:1373:9:CPC_Pack_Event	72	static
CPC_Read_Meter.c:1461:6:CPC_MBillInsertTimeReq	32	static
CPC_Read_Meter.c:1478:9:CPC_MBill_ExtractDataFunc	24	static
CPC_Read_Meter.c:1520:9:CPC_Decode_StimeBill	48	static
CPC_Read_Meter.c:1559:6:CPC_In1Pack_TariffLastBill	32	static
CPC_Read_Meter.c:1572:6:CPC_MBill_SendData	56	static
CPC_Read_Meter.c:1607:6:CPC_Send_MBill_Mess	32	static
CPC_Read_Meter.c:1628:6:CPC_Pack_Lastbill_103	72	static
CPC_Read_Meter.c:1677:6:CPC_Send_EVENT_Mess	16	static
CPC_Read_Meter.c:1687:6:CPC_EVENT_SendData	40	static
CPC_Read_Meter.c:1716:9:CPC_MEven_ExtractDataFunc	16	static
CPC_Read_Meter.c:1733:6:CPC_PackEvent_103	8	static
CPC_Read_Meter.c:1742:6:CPC_Send_Lpf_Mess	32	static
CPC_Read_Meter.c:1817:6:CPC_Lpf_SendData	4	static
CPC_Read_Meter.c:1823:9:CPC_Lpf_ExtractDataFunc	16	static
CPC_Read_Meter.c:1857:6:CPC_Get_ConfigChart	24	static
CPC_Read_Meter.c:1882:6:CPC_Decode_LpfConfig	24	static
CPC_Read_Meter.c:1901:6:CPC_Get_ToTalPack_inday	24	static
CPC_Read_Meter.c:1917:6:CPC_Pack_1Mess_lpf_1	72	static
CPC_Read_Meter.c:2046:6:CPC_Pack_Header_lpf_Pushdata103	40	static
CPC_Read_Meter.c:2104:6:Get_Event_Lpf	24	static
