event_driven.c:34:6:Event_Init	4	static
event_driven.c:40:6:EventTask	8	static
event_driven.c:45:13:CheckEventQueue	24	static
event_driven.c:62:9:fevent_active	16	static
event_driven.c:72:9:fevent_enable	24	static
event_driven.c:82:9:fevent_disable	16	static
event_driven.c:93:16:fEvent_blink_led1_handler	16	static
event_driven.c:100:16:fEvent_blink_led2_handler	16	static
event_driven.c:108:16:fEvent_blink_led3_handler	16	static
event_driven.c:114:16:fEvent_print_debug_handler	16	static
event_driven.c:121:16:fEvent_collect_handler	16	static
event_driven.c:127:9:Sub_event_disable	16	static
event_driven.c:136:9:Sub_event_enable	16	static
event_driven.c:145:9:Sub_event_active	16	static
