core_cm4.h:1933:34:__NVIC_SystemReset	4	static,ignoring_inline_asm
GELEX_Read_Meter.c:24:6:GELEX_Init_Function	16	static
GELEX_Read_Meter.c:40:9:GELEX_Send1Cmd_Test	8	static
GELEX_Read_Meter.c:60:9:GELEX_Read_TSVH	40	static
GELEX_Read_Meter.c:112:9:GELEX_Read_Bill	16	static
GELEX_Read_Meter.c:246:9:GELEX_Read_Event	64	static
GELEX_Read_Meter.c:319:9:GELEX_Read_Lpf	24	static
GELEX_Read_Meter.c:451:9:GELEX_Read_Infor	16	static
GELEX_Read_Meter.c:462:9:GELEX_Connect_meter_Gelex	16	static
GELEX_Read_Meter.c:530:6:GELEX_Fill_Meter_Addr	8	static
GELEX_Read_Meter.c:561:6:GELEX_Cal_Header_CheckSum	24	static
GELEX_Read_Meter.c:570:6:GELEX_Cal_Full_CheckSum	24	static
GELEX_Read_Meter.c:579:6:GELEX_Insert_GetOBIS_Mess_OBIS	24	static
GELEX_Read_Meter.c:589:6:GELEX_Insert_GetPeriod_Mess_OBIS	24	static
GELEX_Read_Meter.c:599:6:GELEX_Insert_GetOBIS_Mess_OBIS_Special	24	static
GELEX_Read_Meter.c:609:6:GELEX_Insert_GetDATA_Mess_OBIS	24	static
GELEX_Read_Meter.c:619:6:GELEX_Insert_GetBLOCK_Mess_OBIS	16	static
GELEX_Read_Meter.c:626:6:GELEX_Mess_Checksum	16	static
GELEX_Read_Meter.c:644:9:GELEX_Get_Meter_ID_Scale	24	static
GELEX_Read_Meter.c:655:9:GELEX_Read_Info_Scale	32	static
GELEX_Read_Meter.c:763:6:GELEX_Fill_MInfo_Mess	24	static
GELEX_Read_Meter.c:791:6:GELEX_Fill_MTuTi_Mess	24	static
GELEX_Read_Meter.c:818:8:GELEX_Check_Row_Obis103	24	static
GELEX_Read_Meter.c:828:9:GELEX_MI_ExtractDataFunc	136	static
GELEX_Read_Meter.c:1053:6:GELEX_MI_SendData	4	static
GELEX_Read_Meter.c:1059:6:GELEX_MI_SendData_Inst	4	static
GELEX_Read_Meter.c:1066:9:GELEX_MS_ExtractDataFunc	24	static
GELEX_Read_Meter.c:1115:6:GELEX_MS_SendData	4	static
GELEX_Read_Meter.c:1121:6:GELEX_Fill_Scale_Mess	24	static
GELEX_Read_Meter.c:1151:9:GELEX_READ_1REG	24	static
GELEX_Read_Meter.c:1241:9:GELEX_Read	32	static
GELEX_Read_Meter.c:1392:9:CheckOBISInTable	24	static
GELEX_Read_Meter.c:1420:6:GELEX_Prepare_Read_Date	24	static
GELEX_Read_Meter.c:1432:6:GELEX_MBillingGetRawData	24	static
GELEX_Read_Meter.c:1468:9:GELEX_MBillingExtractOBISList	16	static
GELEX_Read_Meter.c:1522:9:GELEX_MBillingExtractData	152	static
GELEX_Read_Meter.c:1868:6:Pack_MD_Gelex	112	static
GELEX_Read_Meter.c:1925:6:GELEX_MBillingInsertReadTime	40	static
GELEX_Read_Meter.c:1977:9:GELEX_MBillingExtractData_Dummy	4	static
GELEX_Read_Meter.c:1981:6:GELEX_MBillingGetRawData_Dummy	16	static
GELEX_Read_Meter.c:1986:6:GELEX_MLProfileGetPeriod	16	static
GELEX_Read_Meter.c:1998:6:GELEX_MLProfileGetRawData	24	static
GELEX_Read_Meter.c:2034:9:GELEX_MLProfileExtractOBISList	16	static
GELEX_Read_Meter.c:2090:9:GELEX_MLProfileExtractData	144	static
GELEX_Read_Meter.c:2380:6:GELEX_MEventGetRawData	24	static
GELEX_Read_Meter.c:2416:9:GELEX_MEventExtractData	32	static
GELEX_Read_Meter.c:2476:9:MTamperExtractData	32	static
GELEX_Read_Meter.c:2536:9:MAlarmExtractData	32	static
GELEX_Read_Meter.c:2600:9:GELEX_Pack_event_103Pushdata	64	static
GELEX_Read_Meter.c:2701:9:GELEX_PackEvent_TSVH	40	static
GELEX_Read_Meter.c:2756:9:MEventSendData	8	static
GELEX_Read_Meter.c:2777:9:MEventOBISFilter	24	static
GELEX_Read_Meter.c:2790:9:GELEX_Get_Meter_ID	24	static
GELEX_Read_Meter.c:2862:9:GELEX_CheckResetReadMeter	16	static,ignoring_inline_asm
GELEX_Read_Meter.c:2886:9:GELEX_TuTi_ExtractDataFunc	72	static
GELEX_Read_Meter.c:2956:6:GELEX_TuTi_SendData	16	static
GELEX_Read_Meter.c:2965:9:GELEX_Check_Meter	16	static
GELEX_Read_Meter.c:2992:9:GELEX_ConvertScaleMeter_toDec	24	static
