sim_command.c:98:6:SimInit	8	static
sim_command.c:106:6:SimTask	24	static
sim_command.c:123:9:SimON	8	static
sim_command.c:161:16:fevent_sim_at_send_handler	24	static
sim_command.c:188:16:fevent_sim_at_send_ok_handler	16	static
sim_command.c:201:16:fevent_sim_at_send_timeout_handler	24	static
sim_command.c:222:16:fevent_sim_uart_receive_handler	24	static
sim_command.c:232:16:fevent_sim_turn_on_handler	16	static
sim_command.c:245:16:fevent_sim_send_message_handler	16	static
sim_command.c:254:9:Sim_PushStepToQueue	16	static
sim_command.c:268:9:Sim_PushBlockToQueue	24	static
sim_command.c:281:9:Sim_ClearStepQueue	8	static
sim_command.c:291:9:Sim_GetStepFromQueue	24	static
sim_command.c:302:6:fSend_String_to_Uart	16	static
sim_command.c:308:16:at_callback_success	16	static
sim_command.c:314:16:at_callback_failure	16	static
sim_command.c:320:16:at_send_message_callback_success	16	static
sim_command.c:326:16:at_connect_TCP_callback_success	16	static
sim_command.c:335:9:Sim_CheckResponse	24	static
sim_command.c:357:9:Sim_event_disable	16	static
sim_command.c:366:9:Sim_event_enable	16	static
sim_command.c:375:9:Sim_event_active	16	static
sim_command.c:384:9:Sim_PushToQueueToSend	16	static
sim_command.c:392:9:Sim_GetFromQueueToSend	24	static
