core_cm4.h:1933:34:__NVIC_SystemReset	4	static,ignoring_inline_asm
Meter103_Read_Meter.c:24:6:METER103_Init_Function	16	static
Meter103_Read_Meter.c:42:9:METER103_Send1Cmd_Test	16	static
Meter103_Read_Meter.c:77:9:METER103_Read_TSVH	24	static
Meter103_Read_Meter.c:104:9:METER103_Read_Bill	16	static
Meter103_Read_Meter.c:133:9:METER103_Read_Event	24	static
Meter103_Read_Meter.c:155:9:METER103_Read_Lpf	24	static
Meter103_Read_Meter.c:179:9:METER103_Read_Infor	16	static
Meter103_Read_Meter.c:191:9:METER103_Get_Meter_ID	56	static
Meter103_Read_Meter.c:270:9:METER103_CheckObisMeter	32	static
Meter103_Read_Meter.c:283:9:METER103_Connect_Meter	16	static
Meter103_Read_Meter.c:309:9:METER103_CheckResetReadMeter	16	static,ignoring_inline_asm
Meter103_Read_Meter.c:331:9:METER103_Check_Meter	16	static
Meter103_Read_Meter.c:357:9:METER103_GetUART2Data	16	static
Meter103_Read_Meter.c:478:9:METER103_Handshake	32	static
Meter103_Read_Meter.c:642:6:METER103_IEC62056_21_Command	24	static
Meter103_Read_Meter.c:776:6:METER103_Init_UART_GET_DATA	16	static
Meter103_Read_Meter.c:824:9:METER103_TuTi_ExtractDataFunc	24	static
Meter103_Read_Meter.c:863:9:METER_CheckBBC_OBIS_Recei	24	static
Meter103_Read_Meter.c:904:6:METER103_Decode_TuTi	72	static
Meter103_Read_Meter.c:947:6:METER103_TuTi_SendData	16	static
Meter103_Read_Meter.c:955:6:METER103_Send_TuTi_Mess	16	static
Meter103_Read_Meter.c:966:9:METER103_Read	32	static
Meter103_Read_Meter.c:1038:9:METER103_MI_ExtractDataFunc	80	static
Meter103_Read_Meter.c:1086:9:METER103_Minfor_TypeDecode	24	static
Meter103_Read_Meter.c:1114:9:METER103_DecodeData_1Obis1Data	32	static
Meter103_Read_Meter.c:1143:6:METER103_PacketData_TSVH	72	static
Meter103_Read_Meter.c:1203:6:METER103_DecodeData_2Obis2Data	120	static
Meter103_Read_Meter.c:1316:6:METER103_DecodeData_Event_TSVH	40	static
Meter103_Read_Meter.c:1329:6:METER103_MI_SendData	16	static
Meter103_Read_Meter.c:1346:6:METER103_Send_MInfo_Mess	16	static
Meter103_Read_Meter.c:1362:9:METER103_MBill_ExtractDataFunc	96	static
Meter103_Read_Meter.c:1415:9:METER103_PacketData_Bill	96	static
Meter103_Read_Meter.c:1480:6:METER103_MBillInsertTimeReq	32	static
Meter103_Read_Meter.c:1496:9:METER103_ConvertStrtime_toStime	24	static
Meter103_Read_Meter.c:1516:6:METER103_MBill_SendData	56	static
Meter103_Read_Meter.c:1553:6:METER103_Send_MBill_Mess	40	static
Meter103_Read_Meter.c:1585:9:METER103_MEven_ExtractDataFunc	40	static
Meter103_Read_Meter.c:1620:6:METER103_PacketData_EVEN	64	static
Meter103_Read_Meter.c:1652:9:METER103_MEven_TypeDecode	24	static
Meter103_Read_Meter.c:1665:6:METER103_MEven_SendData	40	static
Meter103_Read_Meter.c:1691:6:METER103_Send_MEven_Mess	16	static
Meter103_Read_Meter.c:1713:9:METER103_Read_Record	32	static
Meter103_Read_Meter.c:1794:9:METER103_MLpf_ExtractDataFunc	24	static
Meter103_Read_Meter.c:1837:9:METER103_Decode_LPF	136	static
Meter103_Read_Meter.c:1950:6:METER103_MLpf_SendData	8	static
Meter103_Read_Meter.c:1955:6:METER103_Send_MLpf_Mess	56	static
Meter103_Read_Meter.c:1991:6:METER103_GET_TIME_ReadLPF	48	static
Meter103_Read_Meter.c:2045:9:METER103_SetStimeToMeter	56	static
Meter103_Read_Meter.c:2061:9:METER103_WriteToMeter	72	static
